
C:\tien\PROJEKTY\procesory\STM\T104_V100a_GASTOP\stm32f10x_it.o:     file format elf32-littlearm
C:\tien\PROJEKTY\procesory\STM\T104_V100a_GASTOP\stm32f10x_it.o

Disassembly of section .text.NMIException:

00000000 <NMIException>:
NMIException():
C:\tien\PROJEKTY\procesory\STM\T104_V100a_GASTOP\sources/stm32f10x_it.c:39
* Output         : None
* Return         : None
*******************************************************************************/
void NMIException(void)
{
}
   0:	4770      	bx	lr
C:\tien\PROJEKTY\procesory\STM\T104_V100a_GASTOP\sources/stm32f10x_it.c:420
* Return         : None
*******************************************************************************/
void USB_LP_CAN_RX0_IRQHandler(void)
{
    USB_Istr();
}
   2:	46c0      	nop			(mov r8, r8)
Disassembly of section .text.HardFaultException:

00000000 <HardFaultException>:
HardFaultException():
C:\tien\PROJEKTY\procesory\STM\T104_V100a_GASTOP\sources/stm32f10x_it.c:49
* Input          : None
* Output         : None
* Return         : None
*******************************************************************************/
void HardFaultException(void)
{
   0:	e7fe      	b.n	0 <HardFaultException>
   2:	46c0      	nop			(mov r8, r8)
Disassembly of section .text.MemManageException:

00000000 <MemManageException>:
MemManageException():
C:\tien\PROJEKTY\procesory\STM\T104_V100a_GASTOP\sources/stm32f10x_it.c:64
* Input          : None
* Output         : None
* Return         : None
*******************************************************************************/
void MemManageException(void)
{
   0:	e7fe      	b.n	0 <MemManageException>
   2:	46c0      	nop			(mov r8, r8)
Disassembly of section .text.BusFaultException:

00000000 <BusFaultException>:
BusFaultException():
C:\tien\PROJEKTY\procesory\STM\T104_V100a_GASTOP\sources/stm32f10x_it.c:79
* Input          : None
* Output         : None
* Return         : None
*******************************************************************************/
void BusFaultException(void)
{
   0:	e7fe      	b.n	0 <BusFaultException>
   2:	46c0      	nop			(mov r8, r8)
Disassembly of section .text.UsageFaultException:

00000000 <UsageFaultException>:
UsageFaultException():
C:\tien\PROJEKTY\procesory\STM\T104_V100a_GASTOP\sources/stm32f10x_it.c:94
* Input          : None
* Output         : None
* Return         : None
*******************************************************************************/
void UsageFaultException(void)
{
   0:	e7fe      	b.n	0 <UsageFaultException>
   2:	46c0      	nop			(mov r8, r8)
Disassembly of section .text.DebugMonitor:

00000000 <DebugMonitor>:
DebugMonitor():
C:\tien\PROJEKTY\procesory\STM\T104_V100a_GASTOP\sources/stm32f10x_it.c:110
* Output         : None
* Return         : None
*******************************************************************************/
void DebugMonitor(void)
{
}
   0:	4770      	bx	lr
   2:	46c0      	nop			(mov r8, r8)
Disassembly of section .text.SVCHandler:

00000000 <SVCHandler>:
SVCHandler():
C:\tien\PROJEKTY\procesory\STM\T104_V100a_GASTOP\sources/stm32f10x_it.c:121
* Output         : None
* Return         : None
*******************************************************************************/
void SVCHandler(void)
{
}
   0:	4770      	bx	lr
   2:	46c0      	nop			(mov r8, r8)
Disassembly of section .text.PendSVC:

00000000 <PendSVC>:
PendSVC():
C:\tien\PROJEKTY\procesory\STM\T104_V100a_GASTOP\sources/stm32f10x_it.c:132
* Output         : None
* Return         : None
*******************************************************************************/
void PendSVC(void)
{
}
   0:	4770      	bx	lr
   2:	46c0      	nop			(mov r8, r8)
Disassembly of section .text.SysTickHandler:

00000000 <SysTickHandler>:
SysTickHandler():
C:\tien\PROJEKTY\procesory\STM\T104_V100a_GASTOP\sources/stm32f10x_it.c:143
* Output         : None
* Return         : None
*******************************************************************************/
void SysTickHandler(void)
{
	Interval++;
   0:	4a1e      	ldr	r2, [pc, #120]	(7c <SysTickHandler+0x7c>)
C:\tien\PROJEKTY\procesory\STM\T104_V100a_GASTOP\sources/stm32f10x_it.c:144
	System_Timers.Counters.Timer_1ms++;
   2:	481f      	ldr	r0, [pc, #124]	(80 <SysTickHandler+0x80>)
C:\tien\PROJEKTY\procesory\STM\T104_V100a_GASTOP\sources/stm32f10x_it.c:143
* Output         : None
* Return         : None
*******************************************************************************/
void SysTickHandler(void)
{
	Interval++;
   4:	6813      	ldr	r3, [r2, #0]
   6:	3301      	adds	r3, #1
   8:	6013      	str	r3, [r2, #0]
C:\tien\PROJEKTY\procesory\STM\T104_V100a_GASTOP\sources/stm32f10x_it.c:144
	System_Timers.Counters.Timer_1ms++;
   a:	6803      	ldr	r3, [r0, #0]
   c:	3301      	adds	r3, #1
   e:	6003      	str	r3, [r0, #0]
C:\tien\PROJEKTY\procesory\STM\T104_V100a_GASTOP\sources/stm32f10x_it.c:146

	if ( (Interval % 10) == 0 )
  10:	6811      	ldr	r1, [r2, #0]
  12:	220a      	movs	r2, #10
  14:	fbb1 f3f2 	udiv	r3, r1, r2
  18:	fb02 1313 	mls	r3, r2, r3, r1
  1c:	b92b      	cbnz	r3, 2a <SysTickHandler+0x2a>
C:\tien\PROJEKTY\procesory\STM\T104_V100a_GASTOP\sources/stm32f10x_it.c:148
    {
        Lcd_Write_Strobe = TRUE;
  1e:	4b19      	ldr	r3, [pc, #100]	(84 <SysTickHandler+0x84>)
  20:	2201      	movs	r2, #1
  22:	701a      	strb	r2, [r3, #0]
C:\tien\PROJEKTY\procesory\STM\T104_V100a_GASTOP\sources/stm32f10x_it.c:149
		System_Timers.Counters.Timer_10ms++;
  24:	6843      	ldr	r3, [r0, #4]
  26:	189b      	adds	r3, r3, r2
  28:	6043      	str	r3, [r0, #4]
C:\tien\PROJEKTY\procesory\STM\T104_V100a_GASTOP\sources/stm32f10x_it.c:152
    }
    
	if ( (Interval % 100) == 0 )
  2a:	4b14      	ldr	r3, [pc, #80]	(7c <SysTickHandler+0x7c>)
  2c:	2264      	movs	r2, #100
  2e:	6819      	ldr	r1, [r3, #0]
  30:	fbb1 f3f2 	udiv	r3, r1, r2
  34:	fb02 1313 	mls	r3, r2, r3, r1
  38:	b91b      	cbnz	r3, 42 <SysTickHandler+0x42>
C:\tien\PROJEKTY\procesory\STM\T104_V100a_GASTOP\sources/stm32f10x_it.c:153
		System_Timers.Counters.Timer_100ms++;
  3a:	4a11      	ldr	r2, [pc, #68]	(80 <SysTickHandler+0x80>)
  3c:	6893      	ldr	r3, [r2, #8]
  3e:	3301      	adds	r3, #1
  40:	6093      	str	r3, [r2, #8]
C:\tien\PROJEKTY\procesory\STM\T104_V100a_GASTOP\sources/stm32f10x_it.c:155

	if ( (Interval % 1000) == 0 )
  42:	480e      	ldr	r0, [pc, #56]	(7c <SysTickHandler+0x7c>)
  44:	f44f 727a 	mov.w	r2, #1000	; 0x3e8
  48:	6801      	ldr	r1, [r0, #0]
  4a:	fbb1 f3f2 	udiv	r3, r1, r2
  4e:	fb02 1113 	mls	r1, r2, r3, r1
  52:	b941      	cbnz	r1, 66 <SysTickHandler+0x66>
C:\tien\PROJEKTY\procesory\STM\T104_V100a_GASTOP\sources/stm32f10x_it.c:157
	{
		System_Timers.Counters.Timer_1s++;
  54:	4a0a      	ldr	r2, [pc, #40]	(80 <SysTickHandler+0x80>)
  56:	68d3      	ldr	r3, [r2, #12]
  58:	3301      	adds	r3, #1
  5a:	60d3      	str	r3, [r2, #12]
C:\tien\PROJEKTY\procesory\STM\T104_V100a_GASTOP\sources/stm32f10x_it.c:158
		Interval_Sec++;
  5c:	4a0a      	ldr	r2, [pc, #40]	(88 <SysTickHandler+0x88>)
  5e:	6813      	ldr	r3, [r2, #0]
  60:	3301      	adds	r3, #1
  62:	6013      	str	r3, [r2, #0]
C:\tien\PROJEKTY\procesory\STM\T104_V100a_GASTOP\sources/stm32f10x_it.c:159
		Interval = 0;  
  64:	6001      	str	r1, [r0, #0]
C:\tien\PROJEKTY\procesory\STM\T104_V100a_GASTOP\sources/stm32f10x_it.c:162
	}

	if ( Interval_Sec >= 60 )
  66:	4908      	ldr	r1, [pc, #32]	(88 <SysTickHandler+0x88>)
  68:	680b      	ldr	r3, [r1, #0]
  6a:	2b3b      	cmp	r3, #59
  6c:	d905      	bls.n	7a <SysTickHandler+0x7a>
C:\tien\PROJEKTY\procesory\STM\T104_V100a_GASTOP\sources/stm32f10x_it.c:164
	{
		System_Timers.Counters.Timer_1min++;
  6e:	4b04      	ldr	r3, [pc, #16]	(80 <SysTickHandler+0x80>)
  70:	691a      	ldr	r2, [r3, #16]
  72:	3201      	adds	r2, #1
  74:	611a      	str	r2, [r3, #16]
C:\tien\PROJEKTY\procesory\STM\T104_V100a_GASTOP\sources/stm32f10x_it.c:165
		Interval_Sec = 0;
  76:	2300      	movs	r3, #0
  78:	600b      	str	r3, [r1, #0]
C:\tien\PROJEKTY\procesory\STM\T104_V100a_GASTOP\sources/stm32f10x_it.c:167
	}
}
  7a:	4770      	bx	lr
	...
Disassembly of section .text.WWDG_IRQHandler:

00000000 <WWDG_IRQHandler>:
WWDG_IRQHandler():
C:\tien\PROJEKTY\procesory\STM\T104_V100a_GASTOP\sources/stm32f10x_it.c:178
* Output         : None
* Return         : None
*******************************************************************************/
void WWDG_IRQHandler(void)
{
}
   0:	4770      	bx	lr
   2:	46c0      	nop			(mov r8, r8)
Disassembly of section .text.PVD_IRQHandler:

00000000 <PVD_IRQHandler>:
PVD_IRQHandler():
C:\tien\PROJEKTY\procesory\STM\T104_V100a_GASTOP\sources/stm32f10x_it.c:189
* Output         : None
* Return         : None
*******************************************************************************/
void PVD_IRQHandler(void)
{
}
   0:	4770      	bx	lr
   2:	46c0      	nop			(mov r8, r8)
Disassembly of section .text.TAMPER_IRQHandler:

00000000 <TAMPER_IRQHandler>:
TAMPER_IRQHandler():
C:\tien\PROJEKTY\procesory\STM\T104_V100a_GASTOP\sources/stm32f10x_it.c:200
* Output         : None
* Return         : None
*******************************************************************************/
void TAMPER_IRQHandler(void)
{
}
   0:	4770      	bx	lr
   2:	46c0      	nop			(mov r8, r8)
Disassembly of section .text.RTC_IRQHandler:

00000000 <RTC_IRQHandler>:
RTC_IRQHandler():
C:\tien\PROJEKTY\procesory\STM\T104_V100a_GASTOP\sources/stm32f10x_it.c:230
    //}
    /* Clear the RTC Second Interrupt pending bit */  
  //  RTC_ClearITPendingBit(RTC_IT_SEC);

  //  Reload_Screen = TRUE;
}
   0:	4770      	bx	lr
   2:	46c0      	nop			(mov r8, r8)
Disassembly of section .text.FLASH_IRQHandler:

00000000 <FLASH_IRQHandler>:
FLASH_IRQHandler():
C:\tien\PROJEKTY\procesory\STM\T104_V100a_GASTOP\sources/stm32f10x_it.c:241
* Output         : None
* Return         : None
*******************************************************************************/
void FLASH_IRQHandler(void)
{
}
   0:	4770      	bx	lr
   2:	46c0      	nop			(mov r8, r8)
Disassembly of section .text.RCC_IRQHandler:

00000000 <RCC_IRQHandler>:
RCC_IRQHandler():
C:\tien\PROJEKTY\procesory\STM\T104_V100a_GASTOP\sources/stm32f10x_it.c:252
* Output         : None
* Return         : None
*******************************************************************************/
void RCC_IRQHandler(void)
{
}
   0:	4770      	bx	lr
   2:	46c0      	nop			(mov r8, r8)
Disassembly of section .text.EXTI0_IRQHandler:

00000000 <EXTI0_IRQHandler>:
EXTI0_IRQHandler():
C:\tien\PROJEKTY\procesory\STM\T104_V100a_GASTOP\sources/stm32f10x_it.c:263
* Output         : None
* Return         : None
*******************************************************************************/
void EXTI0_IRQHandler(void)
{
}
   0:	4770      	bx	lr
   2:	46c0      	nop			(mov r8, r8)
Disassembly of section .text.EXTI1_IRQHandler:

00000000 <EXTI1_IRQHandler>:
EXTI1_IRQHandler():
C:\tien\PROJEKTY\procesory\STM\T104_V100a_GASTOP\sources/stm32f10x_it.c:274
* Output         : None
* Return         : None
*******************************************************************************/
void EXTI1_IRQHandler(void)
{
}
   0:	4770      	bx	lr
   2:	46c0      	nop			(mov r8, r8)
Disassembly of section .text.EXTI2_IRQHandler:

00000000 <EXTI2_IRQHandler>:
EXTI2_IRQHandler():
C:\tien\PROJEKTY\procesory\STM\T104_V100a_GASTOP\sources/stm32f10x_it.c:285
* Output         : None
* Return         : None
*******************************************************************************/
void EXTI2_IRQHandler(void)
{
}
   0:	4770      	bx	lr
   2:	46c0      	nop			(mov r8, r8)
Disassembly of section .text.EXTI3_IRQHandler:

00000000 <EXTI3_IRQHandler>:
EXTI3_IRQHandler():
C:\tien\PROJEKTY\procesory\STM\T104_V100a_GASTOP\sources/stm32f10x_it.c:296
* Output         : None
* Return         : None
*******************************************************************************/
void EXTI3_IRQHandler(void)
{
}
   0:	4770      	bx	lr
   2:	46c0      	nop			(mov r8, r8)
Disassembly of section .text.EXTI4_IRQHandler:

00000000 <EXTI4_IRQHandler>:
EXTI4_IRQHandler():
C:\tien\PROJEKTY\procesory\STM\T104_V100a_GASTOP\sources/stm32f10x_it.c:307
* Output         : None
* Return         : None
*******************************************************************************/
void EXTI4_IRQHandler(void)
{
}
   0:	4770      	bx	lr
   2:	46c0      	nop			(mov r8, r8)
Disassembly of section .text.DMA1_Channel1_IRQHandler:

00000000 <DMA1_Channel1_IRQHandler>:
DMA1_Channel1_IRQHandler():
C:\tien\PROJEKTY\procesory\STM\T104_V100a_GASTOP\sources/stm32f10x_it.c:318
* Output         : None
* Return         : None
*******************************************************************************/
void DMA1_Channel1_IRQHandler(void)
{
}
   0:	4770      	bx	lr
   2:	46c0      	nop			(mov r8, r8)
Disassembly of section .text.DMA1_Channel2_IRQHandler:

00000000 <DMA1_Channel2_IRQHandler>:
DMA1_Channel2_IRQHandler():
C:\tien\PROJEKTY\procesory\STM\T104_V100a_GASTOP\sources/stm32f10x_it.c:329
* Output         : None
* Return         : None
*******************************************************************************/
void DMA1_Channel2_IRQHandler(void)
{
}
   0:	4770      	bx	lr
   2:	46c0      	nop			(mov r8, r8)
Disassembly of section .text.DMA1_Channel3_IRQHandler:

00000000 <DMA1_Channel3_IRQHandler>:
DMA1_Channel3_IRQHandler():
C:\tien\PROJEKTY\procesory\STM\T104_V100a_GASTOP\sources/stm32f10x_it.c:340
* Output         : None
* Return         : None
*******************************************************************************/
void DMA1_Channel3_IRQHandler(void)
{
}
   0:	4770      	bx	lr
   2:	46c0      	nop			(mov r8, r8)
Disassembly of section .text.DMA1_Channel4_IRQHandler:

00000000 <DMA1_Channel4_IRQHandler>:
DMA1_Channel4_IRQHandler():
C:\tien\PROJEKTY\procesory\STM\T104_V100a_GASTOP\sources/stm32f10x_it.c:351
* Output         : None
* Return         : None
*******************************************************************************/
void DMA1_Channel4_IRQHandler(void)
{
}
   0:	4770      	bx	lr
   2:	46c0      	nop			(mov r8, r8)
Disassembly of section .text.DMA1_Channel5_IRQHandler:

00000000 <DMA1_Channel5_IRQHandler>:
DMA1_Channel5_IRQHandler():
C:\tien\PROJEKTY\procesory\STM\T104_V100a_GASTOP\sources/stm32f10x_it.c:362
* Output         : None
* Return         : None
*******************************************************************************/
void DMA1_Channel5_IRQHandler(void)
{
}
   0:	4770      	bx	lr
   2:	46c0      	nop			(mov r8, r8)
Disassembly of section .text.DMA1_Channel6_IRQHandler:

00000000 <DMA1_Channel6_IRQHandler>:
DMA1_Channel6_IRQHandler():
C:\tien\PROJEKTY\procesory\STM\T104_V100a_GASTOP\sources/stm32f10x_it.c:373
* Output         : None
* Return         : None
*******************************************************************************/
void DMA1_Channel6_IRQHandler(void)
{
}
   0:	4770      	bx	lr
   2:	46c0      	nop			(mov r8, r8)
Disassembly of section .text.DMA1_Channel7_IRQHandler:

00000000 <DMA1_Channel7_IRQHandler>:
DMA1_Channel7_IRQHandler():
C:\tien\PROJEKTY\procesory\STM\T104_V100a_GASTOP\sources/stm32f10x_it.c:384
* Output         : None
* Return         : None
*******************************************************************************/
void DMA1_Channel7_IRQHandler(void)
{
}
   0:	4770      	bx	lr
   2:	46c0      	nop			(mov r8, r8)
Disassembly of section .text.ADC1_2_IRQHandler:

00000000 <ADC1_2_IRQHandler>:
ADC1_2_IRQHandler():
C:\tien\PROJEKTY\procesory\STM\T104_V100a_GASTOP\sources/stm32f10x_it.c:395
* Output         : None
* Return         : None
*******************************************************************************/
void ADC1_2_IRQHandler(void)
{
}
   0:	4770      	bx	lr
   2:	46c0      	nop			(mov r8, r8)
Disassembly of section .text.USB_HP_CAN_TX_IRQHandler:

00000000 <USB_HP_CAN_TX_IRQHandler>:
USB_HP_CAN_TX_IRQHandler():
C:\tien\PROJEKTY\procesory\STM\T104_V100a_GASTOP\sources/stm32f10x_it.c:407
* Output         : None
* Return         : None
*******************************************************************************/
void USB_HP_CAN_TX_IRQHandler(void)
{
}
   0:	4770      	bx	lr
   2:	46c0      	nop			(mov r8, r8)
Disassembly of section .text.CAN_RX1_IRQHandler:

00000000 <CAN_RX1_IRQHandler>:
CAN_RX1_IRQHandler():
C:\tien\PROJEKTY\procesory\STM\T104_V100a_GASTOP\sources/stm32f10x_it.c:431
* Output         : None
* Return         : None
*******************************************************************************/
void CAN_RX1_IRQHandler(void)
{
}
   0:	4770      	bx	lr
   2:	46c0      	nop			(mov r8, r8)
Disassembly of section .text.CAN_SCE_IRQHandler:

00000000 <CAN_SCE_IRQHandler>:
CAN_SCE_IRQHandler():
C:\tien\PROJEKTY\procesory\STM\T104_V100a_GASTOP\sources/stm32f10x_it.c:441
* Input          : None
* Output         : None
* Return         : None
*******************************************************************************/
void CAN_SCE_IRQHandler(void)
{
   0:	4770      	bx	lr
   2:	46c0      	nop			(mov r8, r8)
Disassembly of section .text.EXTI9_5_IRQHandler:

00000000 <EXTI9_5_IRQHandler>:
EXTI9_5_IRQHandler():
C:\tien\PROJEKTY\procesory\STM\T104_V100a_GASTOP\sources/stm32f10x_it.c:452
* Input          : None
* Output         : None
* Return         : None
*******************************************************************************/
void EXTI9_5_IRQHandler(void)
{
   0:	4770      	bx	lr
   2:	46c0      	nop			(mov r8, r8)
Disassembly of section .text.TIM1_BRK_IRQHandler:

00000000 <TIM1_BRK_IRQHandler>:
TIM1_BRK_IRQHandler():
C:\tien\PROJEKTY\procesory\STM\T104_V100a_GASTOP\sources/stm32f10x_it.c:463
* Input          : None
* Output         : None
* Return         : None
*******************************************************************************/
void TIM1_BRK_IRQHandler(void)
{
   0:	4770      	bx	lr
   2:	46c0      	nop			(mov r8, r8)
Disassembly of section .text.TIM1_UP_IRQHandler:

00000000 <TIM1_UP_IRQHandler>:
TIM1_UP_IRQHandler():
C:\tien\PROJEKTY\procesory\STM\T104_V100a_GASTOP\sources/stm32f10x_it.c:475
* Input          : None
* Output         : None
* Return         : None
*******************************************************************************/
void TIM1_UP_IRQHandler(void)
{
   0:	4770      	bx	lr
   2:	46c0      	nop			(mov r8, r8)
Disassembly of section .text.TIM1_TRG_COM_IRQHandler:

00000000 <TIM1_TRG_COM_IRQHandler>:
TIM1_TRG_COM_IRQHandler():
C:\tien\PROJEKTY\procesory\STM\T104_V100a_GASTOP\sources/stm32f10x_it.c:487
* Input          : None
* Output         : None
* Return         : None
*******************************************************************************/
void TIM1_TRG_COM_IRQHandler(void)
{
   0:	4770      	bx	lr
   2:	46c0      	nop			(mov r8, r8)
Disassembly of section .text.TIM1_CC_IRQHandler:

00000000 <TIM1_CC_IRQHandler>:
TIM1_CC_IRQHandler():
C:\tien\PROJEKTY\procesory\STM\T104_V100a_GASTOP\sources/stm32f10x_it.c:498
* Input          : None
* Output         : None
* Return         : None
*******************************************************************************/
void TIM1_CC_IRQHandler(void)
{
   0:	4770      	bx	lr
   2:	46c0      	nop			(mov r8, r8)
Disassembly of section .text.TIM2_IRQHandler:

00000000 <TIM2_IRQHandler>:
TIM2_IRQHandler():
C:\tien\PROJEKTY\procesory\STM\T104_V100a_GASTOP\sources/stm32f10x_it.c:509
* Input          : None
* Output         : None
* Return         : None
*******************************************************************************/
void TIM2_IRQHandler(void)
{
   0:	4770      	bx	lr
   2:	46c0      	nop			(mov r8, r8)
Disassembly of section .text.TIM3_IRQHandler:

00000000 <TIM3_IRQHandler>:
TIM3_IRQHandler():
C:\tien\PROJEKTY\procesory\STM\T104_V100a_GASTOP\sources/stm32f10x_it.c:520
* Input          : None
* Output         : None
* Return         : None
*******************************************************************************/
void TIM3_IRQHandler(void)
{
   0:	4770      	bx	lr
   2:	46c0      	nop			(mov r8, r8)
Disassembly of section .text.TIM4_IRQHandler:

00000000 <TIM4_IRQHandler>:
DMA2_Channel4_5_IRQHandler():
C:\tien\PROJEKTY\procesory\STM\T104_V100a_GASTOP\sources/stm32f10x_it.c:532
* Output         : None
* Return         : None
*******************************************************************************/
void TIM4_IRQHandler(void)
{
}
   0:	4770      	bx	lr
TIM4_IRQHandler():
   2:	46c0      	nop			(mov r8, r8)
Disassembly of section .text.I2C1_EV_IRQHandler:

00000000 <I2C1_EV_IRQHandler>:
DMA2_Channel4_5_IRQHandler():
   0:	4770      	bx	lr
I2C1_EV_IRQHandler():
   2:	46c0      	nop			(mov r8, r8)
Disassembly of section .text.I2C1_ER_IRQHandler:

00000000 <I2C1_ER_IRQHandler>:
DMA2_Channel4_5_IRQHandler():
   0:	4770      	bx	lr
I2C1_ER_IRQHandler():
   2:	46c0      	nop			(mov r8, r8)
Disassembly of section .text.I2C2_EV_IRQHandler:

00000000 <I2C2_EV_IRQHandler>:
DMA2_Channel4_5_IRQHandler():
   0:	4770      	bx	lr
I2C2_EV_IRQHandler():
   2:	46c0      	nop			(mov r8, r8)
Disassembly of section .text.I2C2_ER_IRQHandler:

00000000 <I2C2_ER_IRQHandler>:
DMA2_Channel4_5_IRQHandler():
   0:	4770      	bx	lr
I2C2_ER_IRQHandler():
   2:	46c0      	nop			(mov r8, r8)
Disassembly of section .text.SPI1_IRQHandler:

00000000 <SPI1_IRQHandler>:
DMA2_Channel4_5_IRQHandler():
   0:	4770      	bx	lr
SPI1_IRQHandler():
   2:	46c0      	nop			(mov r8, r8)
Disassembly of section .text.SPI2_IRQHandler:

00000000 <SPI2_IRQHandler>:
DMA2_Channel4_5_IRQHandler():
   0:	4770      	bx	lr
SPI2_IRQHandler():
   2:	46c0      	nop			(mov r8, r8)
Disassembly of section .text.USART1_IRQHandler:

00000000 <USART1_IRQHandler>:
DMA2_Channel4_5_IRQHandler():
   0:	4770      	bx	lr
USART1_IRQHandler():
   2:	46c0      	nop			(mov r8, r8)
Disassembly of section .text.USART2_IRQHandler:

00000000 <USART2_IRQHandler>:
DMA2_Channel4_5_IRQHandler():
   0:	4770      	bx	lr
USART2_IRQHandler():
   2:	46c0      	nop			(mov r8, r8)
Disassembly of section .text.USART3_IRQHandler:

00000000 <USART3_IRQHandler>:
DMA2_Channel4_5_IRQHandler():
   0:	4770      	bx	lr
USART3_IRQHandler():
   2:	46c0      	nop			(mov r8, r8)
Disassembly of section .text.EXTI15_10_IRQHandler:

00000000 <EXTI15_10_IRQHandler>:
DMA2_Channel4_5_IRQHandler():
   0:	4770      	bx	lr
EXTI15_10_IRQHandler():
   2:	46c0      	nop			(mov r8, r8)
Disassembly of section .text.RTCAlarm_IRQHandler:

00000000 <RTCAlarm_IRQHandler>:
DMA2_Channel4_5_IRQHandler():
   0:	4770      	bx	lr
RTCAlarm_IRQHandler():
   2:	46c0      	nop			(mov r8, r8)
Disassembly of section .text.USBWakeUp_IRQHandler:

00000000 <USBWakeUp_IRQHandler>:
DMA2_Channel4_5_IRQHandler():
   0:	4770      	bx	lr
USBWakeUp_IRQHandler():
   2:	46c0      	nop			(mov r8, r8)
Disassembly of section .text.TIM8_BRK_IRQHandler:

00000000 <TIM8_BRK_IRQHandler>:
DMA2_Channel4_5_IRQHandler():
   0:	4770      	bx	lr
TIM8_BRK_IRQHandler():
   2:	46c0      	nop			(mov r8, r8)
Disassembly of section .text.TIM8_UP_IRQHandler:

00000000 <TIM8_UP_IRQHandler>:
DMA2_Channel4_5_IRQHandler():
   0:	4770      	bx	lr
TIM8_UP_IRQHandler():
   2:	46c0      	nop			(mov r8, r8)
Disassembly of section .text.TIM8_TRG_COM_IRQHandler:

00000000 <TIM8_TRG_COM_IRQHandler>:
DMA2_Channel4_5_IRQHandler():
   0:	4770      	bx	lr
TIM8_TRG_COM_IRQHandler():
   2:	46c0      	nop			(mov r8, r8)
Disassembly of section .text.TIM8_CC_IRQHandler:

00000000 <TIM8_CC_IRQHandler>:
DMA2_Channel4_5_IRQHandler():
   0:	4770      	bx	lr
TIM8_CC_IRQHandler():
   2:	46c0      	nop			(mov r8, r8)
Disassembly of section .text.ADC3_IRQHandler:

00000000 <ADC3_IRQHandler>:
DMA2_Channel4_5_IRQHandler():
   0:	4770      	bx	lr
ADC3_IRQHandler():
   2:	46c0      	nop			(mov r8, r8)
Disassembly of section .text.FSMC_IRQHandler:

00000000 <FSMC_IRQHandler>:
DMA2_Channel4_5_IRQHandler():
   0:	4770      	bx	lr
FSMC_IRQHandler():
   2:	46c0      	nop			(mov r8, r8)
Disassembly of section .text.SDIO_IRQHandler:

00000000 <SDIO_IRQHandler>:
DMA2_Channel4_5_IRQHandler():
   0:	4770      	bx	lr
SDIO_IRQHandler():
   2:	46c0      	nop			(mov r8, r8)
Disassembly of section .text.TIM5_IRQHandler:

00000000 <TIM5_IRQHandler>:
DMA2_Channel4_5_IRQHandler():
   0:	4770      	bx	lr
TIM5_IRQHandler():
   2:	46c0      	nop			(mov r8, r8)
Disassembly of section .text.SPI3_IRQHandler:

00000000 <SPI3_IRQHandler>:
DMA2_Channel4_5_IRQHandler():
   0:	4770      	bx	lr
SPI3_IRQHandler():
   2:	46c0      	nop			(mov r8, r8)
Disassembly of section .text.UART4_IRQHandler:

00000000 <UART4_IRQHandler>:
DMA2_Channel4_5_IRQHandler():
   0:	4770      	bx	lr
UART4_IRQHandler():
   2:	46c0      	nop			(mov r8, r8)
Disassembly of section .text.UART5_IRQHandler:

00000000 <UART5_IRQHandler>:
DMA2_Channel4_5_IRQHandler():
   0:	4770      	bx	lr
UART5_IRQHandler():
   2:	46c0      	nop			(mov r8, r8)
Disassembly of section .text.TIM6_IRQHandler:

00000000 <TIM6_IRQHandler>:
DMA2_Channel4_5_IRQHandler():
   0:	4770      	bx	lr
TIM6_IRQHandler():
   2:	46c0      	nop			(mov r8, r8)
Disassembly of section .text.TIM7_IRQHandler:

00000000 <TIM7_IRQHandler>:
DMA2_Channel4_5_IRQHandler():
   0:	4770      	bx	lr
TIM7_IRQHandler():
   2:	46c0      	nop			(mov r8, r8)
Disassembly of section .text.DMA2_Channel1_IRQHandler:

00000000 <DMA2_Channel1_IRQHandler>:
DMA2_Channel4_5_IRQHandler():
   0:	4770      	bx	lr
DMA2_Channel1_IRQHandler():
   2:	46c0      	nop			(mov r8, r8)
Disassembly of section .text.DMA2_Channel2_IRQHandler:

00000000 <DMA2_Channel2_IRQHandler>:
DMA2_Channel4_5_IRQHandler():
   0:	4770      	bx	lr
DMA2_Channel2_IRQHandler():
   2:	46c0      	nop			(mov r8, r8)
Disassembly of section .text.DMA2_Channel3_IRQHandler:

00000000 <DMA2_Channel3_IRQHandler>:
DMA2_Channel4_5_IRQHandler():
   0:	4770      	bx	lr
DMA2_Channel3_IRQHandler():
   2:	46c0      	nop			(mov r8, r8)
Disassembly of section .text.DMA2_Channel4_5_IRQHandler:

00000000 <DMA2_Channel4_5_IRQHandler>:
DMA2_Channel4_5_IRQHandler():
   0:	4770      	bx	lr
   2:	46c0      	nop			(mov r8, r8)
Disassembly of section .text.USB_LP_CAN_RX0_IRQHandler:

00000000 <USB_LP_CAN_RX0_IRQHandler>:
   0:	b510      	push	{r4, lr}
USB_LP_CAN_RX0_IRQHandler():
   2:	f7ff fffe 	bl	0 <USB_Istr>
C:\tien\PROJEKTY\procesory\STM\T104_V100a_GASTOP\sources/stm32f10x_it.c:420
* Return         : None
*******************************************************************************/
void USB_LP_CAN_RX0_IRQHandler(void)
{
    USB_Istr();
}
   6:	bd10      	pop	{r4, pc}
