Archive member included because of file (symbol)

c:/program files (x86)/raisonance/ride/arm-gcc/bin/../lib/gcc/arm-none-eabi/4.3.2/../../../../arm-none-eabi/lib/thumb2\libc.a(lib_a-memcpy.o)
                              C:\tien\PROJEKTY\procesory\STM\T104_V100a_GASTOP\RTC.o (memcpy)
C:\Program Files (x86)\Raisonance\Ride\Lib\ARM\STM32x_io_putchar_thumb.a(syscalls.o)
                              (_write)
C:\Program Files (x86)\Raisonance\Ride\Lib\ARM\STM32x_io_putchar_thumb.a(STM32F10X_IO_putchar.o)
                              (__io_putchar)
C:\Program Files (x86)\Raisonance\Ride\Lib\ARM\STM32F10x_thumb.lib(stm32f10x_dma.o)
                              C:\tien\PROJEKTY\procesory\STM\T104_V100a_GASTOP\hardware.o (DMA_DeInit)
C:\Program Files (x86)\Raisonance\Ride\Lib\ARM\STM32F10x_thumb.lib(stm32f10x_gpio.o)
                              C:\tien\PROJEKTY\procesory\STM\T104_V100a_GASTOP\hardware.o (GPIO_Init)
C:\Program Files (x86)\Raisonance\Ride\Lib\ARM\STM32F10x_thumb.lib(stm32f10x_iwdg.o)
                              C:\tien\PROJEKTY\procesory\STM\T104_V100a_GASTOP\hardware.o (IWDG_WriteAccessCmd)
C:\Program Files (x86)\Raisonance\Ride\Lib\ARM\STM32F10x_thumb.lib(stm32f10x_nvic.o)
                              C:\tien\PROJEKTY\procesory\STM\T104_V100a_GASTOP\hardware.o (NVIC_Init)
C:\Program Files (x86)\Raisonance\Ride\Lib\ARM\STM32F10x_thumb.lib(stm32f10x_pwr.o)
                              C:\tien\PROJEKTY\procesory\STM\T104_V100a_GASTOP\hardware.o (PWR_BackupAccessCmd)
C:\Program Files (x86)\Raisonance\Ride\Lib\ARM\STM32F10x_thumb.lib(stm32f10x_rcc.o)
                              C:\tien\PROJEKTY\procesory\STM\T104_V100a_GASTOP\hardware.o (RCC_DeInit)
C:\Program Files (x86)\Raisonance\Ride\Lib\ARM\STM32F10x_thumb.lib(stm32f10x_rtc.o)
                              C:\tien\PROJEKTY\procesory\STM\T104_V100a_GASTOP\sys.o (RTC_GetCounter)
C:\Program Files (x86)\Raisonance\Ride\Lib\ARM\STM32F10x_thumb.lib(stm32f10x_spi.o)
                              C:\tien\PROJEKTY\procesory\STM\T104_V100a_GASTOP\hardware.o (SPI_Init)
C:\Program Files (x86)\Raisonance\Ride\Lib\ARM\STM32F10x_thumb.lib(stm32f10x_systick.o)
                              C:\tien\PROJEKTY\procesory\STM\T104_V100a_GASTOP\hardware.o (SysTick_CLKSourceConfig)
C:\Program Files (x86)\Raisonance\Ride\Lib\ARM\STM32F10x_thumb.lib(stm32f10x_tim.o)
                              C:\tien\PROJEKTY\procesory\STM\T104_V100a_GASTOP\hardware.o (TIM_TimeBaseInit)
C:\Program Files (x86)\Raisonance\Ride\Lib\ARM\STM32F10x_thumb.lib(stm32f10x_usart.o)
                              C:\Program Files (x86)\Raisonance\Ride\Lib\ARM\STM32x_io_putchar_thumb.a(STM32F10X_IO_putchar.o) (USART_Cmd)
C:\Program Files (x86)\Raisonance\Ride\Lib\ARM\STM32F10x_thumb.lib(stm32f10x_adc.o)
                              C:\tien\PROJEKTY\procesory\STM\T104_V100a_GASTOP\hardware.o (ADC_Init)
C:\Program Files (x86)\Raisonance\Ride\Lib\ARM\STM32F10x_thumb.lib(stm32f10x_bkp.o)
                              C:\tien\PROJEKTY\procesory\STM\T104_V100a_GASTOP\RTC.o (BKP_WriteBackupRegister)
C:\Program Files (x86)\Raisonance\Ride\Lib\ARM\STM32F10x_thumb.lib(cortexm3_macro.o)
                              C:\Program Files (x86)\Raisonance\Ride\Lib\ARM\STM32F10x_thumb.lib(stm32f10x_pwr.o) (__WFI)
c:/program files (x86)/raisonance/ride/arm-gcc/bin/../lib/gcc/arm-none-eabi/4.3.2/../../../../arm-none-eabi/lib/thumb2\libc.a(lib_a-abort.o)
                              C:\Program Files (x86)\Raisonance\Ride\Lib\ARM\STM32x_io_putchar_thumb.a(syscalls.o) (abort)
c:/program files (x86)/raisonance/ride/arm-gcc/bin/../lib/gcc/arm-none-eabi/4.3.2/../../../../arm-none-eabi/lib/thumb2\libc.a(lib_a-errno.o)
                              C:\Program Files (x86)\Raisonance\Ride\Lib\ARM\STM32x_io_putchar_thumb.a(syscalls.o) (__errno)
c:/program files (x86)/raisonance/ride/arm-gcc/bin/../lib/gcc/arm-none-eabi/4.3.2/../../../../arm-none-eabi/lib/thumb2\libc.a(lib_a-impure.o)
                              c:/program files (x86)/raisonance/ride/arm-gcc/bin/../lib/gcc/arm-none-eabi/4.3.2/../../../../arm-none-eabi/lib/thumb2\libc.a(lib_a-errno.o) (_impure_ptr)
c:/program files (x86)/raisonance/ride/arm-gcc/bin/../lib/gcc/arm-none-eabi/4.3.2/../../../../arm-none-eabi/lib/thumb2\libc.a(lib_a-signal.o)
                              c:/program files (x86)/raisonance/ride/arm-gcc/bin/../lib/gcc/arm-none-eabi/4.3.2/../../../../arm-none-eabi/lib/thumb2\libc.a(lib_a-abort.o) (raise)
c:/program files (x86)/raisonance/ride/arm-gcc/bin/../lib/gcc/arm-none-eabi/4.3.2/../../../../arm-none-eabi/lib/thumb2\libc.a(lib_a-signalr.o)
                              c:/program files (x86)/raisonance/ride/arm-gcc/bin/../lib/gcc/arm-none-eabi/4.3.2/../../../../arm-none-eabi/lib/thumb2\libc.a(lib_a-signal.o) (_getpid_r)
c:/program files (x86)/raisonance/ride/arm-gcc/bin/../lib/gcc/arm-none-eabi/4.3.2/../../../../arm-none-eabi/lib/thumb2\libc.a(lib_a-mallocr.o)
[...]
Memory Configuration

Name             Origin             Length             Attributes
RAM              0x20000000         0x0000c000         xrw
FLASH            0x08000000         0x00040000         xr
FLASHPATCH       0x00000000         0x00000000         r
ENDFLASH         0x00000000         0x00000000         xr
FLASHB1          0x00000000         0x00000000         xr
EXTMEMB0         0x00000000         0x00000000         xr
EXTMEMB1         0x00000000         0x00000000         xr
EXTMEMB2         0x00000000         0x00000000         xr
EXTMEMB3         0x00000000         0x00000000         xr
*default*        0x00000000         0xffffffff

Linker script and memory map

LOAD C:\Program Files (x86)\Raisonance\Ride\lib\ARM\crt0_STM32x_HD.o
LOAD C:\tien\PROJEKTY\procesory\STM\T104_V100a_GASTOP\stm32f10x_flash.o
LOAD C:\tien\PROJEKTY\procesory\STM\T104_V100a_GASTOP\control.o
LOAD C:\tien\PROJEKTY\procesory\STM\T104_V100a_GASTOP\sys.o
LOAD C:\tien\PROJEKTY\procesory\STM\T104_V100a_GASTOP\stm32f10x_it.o
LOAD C:\tien\PROJEKTY\procesory\STM\T104_V100a_GASTOP\RTC.o
LOAD C:\tien\PROJEKTY\procesory\STM\T104_V100a_GASTOP\main.o
LOAD C:\tien\PROJEKTY\procesory\STM\T104_V100a_GASTOP\lcd.o
LOAD C:\tien\PROJEKTY\procesory\STM\T104_V100a_GASTOP\hardware.o
LOAD C:\tien\PROJEKTY\procesory\STM\T104_V100a_GASTOP\gui.o
LOAD C:\tien\PROJEKTY\procesory\STM\T104_V100a_GASTOP\usb_core.o
LOAD C:\tien\PROJEKTY\procesory\STM\T104_V100a_GASTOP\usb_init.o
LOAD C:\tien\PROJEKTY\procesory\STM\T104_V100a_GASTOP\usb_int.o
LOAD C:\tien\PROJEKTY\procesory\STM\T104_V100a_GASTOP\usb_mem.o
LOAD C:\tien\PROJEKTY\procesory\STM\T104_V100a_GASTOP\usb_regs.o
LOAD C:\tien\PROJEKTY\procesory\STM\T104_V100a_GASTOP\usb_desc.o
LOAD C:\tien\PROJEKTY\procesory\STM\T104_V100a_GASTOP\usb_istr.o
LOAD C:\tien\PROJEKTY\procesory\STM\T104_V100a_GASTOP\usb_prop.o
LOAD C:\tien\PROJEKTY\procesory\STM\T104_V100a_GASTOP\usb_pwr.o
LOAD C:\tien\PROJEKTY\procesory\STM\T104_V100a_GASTOP\usb_endp.o
                0x00000400                __Stack_Size = 0x400
                0x00000400                PROVIDE (_Stack_Size, __Stack_Size)
                0x2000bc00                __Stack_Init = (_estack - __Stack_Size)
                0x2000bc00                PROVIDE (_Stack_Init, __Stack_Init)
                0x00000100                _Minimum_Stack_Size = 0x100
                0x00000000                PROVIDE (Undefined_Handler, 0x0)
                0x00000000                PROVIDE (SWI_Handler, 0x0)
                0x00000000                PROVIDE (IRQ_Handler, 0x0)
                0x00000000                PROVIDE (Prefetch_Handler, 0x0)
                0x00000000                PROVIDE (Abort_Handler, 0x0)
                0x00000000                PROVIDE (FIQ_Handler, 0x0)
                0x00000000                PROVIDE (NMIException, 0x0)
                0x00000000                PROVIDE (NMI_Handler, 0x0)
                0x00000000                PROVIDE (HardFaultException, 0x0)
                0x00000000                PROVIDE (HardFault_Handler, 0x0)
                0x00000000                PROVIDE (MemManageException, 0x0)
                0x00000000                PROVIDE (MemManage_Handler, 0x0)
                0x00000000                PROVIDE (BusFaultException, 0x0)
                0x00000000                PROVIDE (BusFault_Handler, 0x0)
                0x00000000                PROVIDE (UsageFaultException, 0x0)
                0x00000000                PROVIDE (UsageFault_Handler, 0x0)
                0x00000000                PROVIDE (SVCHandler, 0x0)
                0x00000000                PROVIDE (SVC_Handler, 0x0)
                0x00000000                PROVIDE (DebugMonitor, 0x0)
                0x00000000                PROVIDE (DebugMon_Handler, 0x0)
                0x00000000                PROVIDE (PendSVC, 0x0)
                0x00000000                PROVIDE (PendSV_Handler, 0x0)
                0x00000000                PROVIDE (SysTickHandler, 0x0)
                0x00000000                PROVIDE (SysTick_Handler, 0x0)
                0x00000000                PROVIDE (WWDG_IRQHandler, 0x0)
                0x00000000                PROVIDE (PVD_IRQHandler, 0x0)
                0x00000000                PROVIDE (TAMPER_IRQHandler, 0x0)
                0x00000000                PROVIDE (RTC_IRQHandler, 0x0)
                0x00000000                PROVIDE (FLASH_IRQHandler, 0x0)
                0x00000000                PROVIDE (RCC_IRQHandler, 0x0)
                0x00000000                PROVIDE (EXTI0_IRQHandler, 0x0)
                0x00000000                PROVIDE (EXTI1_IRQHandler, 0x0)
                0x00000000                PROVIDE (EXTI2_IRQHandler, 0x0)
                0x00000000                PROVIDE (EXTI3_IRQHandler, 0x0)
                0x00000000                PROVIDE (EXTI4_IRQHandler, 0x0)
                0x00000000                PROVIDE (DMAChannel1_IRQHandler, 0x0)
                0x00000000                PROVIDE (DMAChannel2_IRQHandler, 0x0)
                0x00000000                PROVIDE (DMAChannel3_IRQHandler, 0x0)
                0x00000000                PROVIDE (DMAChannel4_IRQHandler, 0x0)
                0x00000000                PROVIDE (DMAChannel5_IRQHandler, 0x0)
                0x00000000                PROVIDE (DMAChannel6_IRQHandler, 0x0)
                0x00000000                PROVIDE (DMAChannel7_IRQHandler, 0x0)
                0x00000000                PROVIDE (DMA1_Channel1_IRQHandler, 0x0)
                0x00000000                PROVIDE (DMA1_Channel2_IRQHandler, 0x0)
                0x00000000                PROVIDE (DMA1_Channel3_IRQHandler, 0x0)
                0x00000000                PROVIDE (DMA1_Channel4_IRQHandler, 0x0)
                0x00000000                PROVIDE (DMA1_Channel5_IRQHandler, 0x0)
                0x00000000                PROVIDE (DMA1_Channel6_IRQHandler, 0x0)
                0x00000000                PROVIDE (DMA1_Channel7_IRQHandler, 0x0)
                0x00000000                PROVIDE (ADC_IRQHandler, 0x0)
                0x00000000                PROVIDE (ADC1_2_IRQHandler, 0x0)
                0x00000000                PROVIDE (USB_HP_CAN_TX_IRQHandler, 0x0)
                0x00000000                PROVIDE (USB_HP_CAN1_TX_IRQHandler, 0x0)
                0x00000000                PROVIDE (USB_LP_CAN_RX0_IRQHandler, 0x0)
                0x00000000                PROVIDE (USB_LP_CAN1_RX0_IRQHandler, 0x0)
                0x00000000                PROVIDE (CAN_RX1_IRQHandler, 0x0)
                0x00000000                PROVIDE (CAN1_RX1_IRQHandler, 0x0)
                0x00000000                PROVIDE (CAN_SCE_IRQHandler, 0x0)
                0x00000000                PROVIDE (CAN1_SCE_IRQHandler, 0x0)
                0x00000000                PROVIDE (EXTI9_5_IRQHandler, 0x0)
                0x00000000                PROVIDE (TIM1_BRK_IRQHandler, 0x0)
                0x00000000                PROVIDE (TIM1_UP_IRQHandler, 0x0)
                0x00000000                PROVIDE (TIM1_TRG_COM_IRQHandler, 0x0)
                0x00000000                PROVIDE (TIM1_CC_IRQHandler, 0x0)
                0x00000000                PROVIDE (TIM2_IRQHandler, 0x0)
                0x00000000                PROVIDE (TIM3_IRQHandler, 0x0)
                0x00000000                PROVIDE (TIM4_IRQHandler, 0x0)
                0x00000000                PROVIDE (I2C1_EV_IRQHandler, 0x0)
                0x00000000                PROVIDE (I2C1_ER_IRQHandler, 0x0)
                0x00000000                PROVIDE (I2C2_EV_IRQHandler, 0x0)
                0x00000000                PROVIDE (I2C2_ER_IRQHandler, 0x0)
                0x00000000                PROVIDE (SPI1_IRQHandler, 0x0)
                0x00000000                PROVIDE (SPI2_IRQHandler, 0x0)
                0x00000000                PROVIDE (USART1_IRQHandler, 0x0)
                0x00000000                PROVIDE (USART2_IRQHandler, 0x0)
                0x00000000                PROVIDE (USART3_IRQHandler, 0x0)
                0x00000000                PROVIDE (EXTI15_10_IRQHandler, 0x0)
                0x00000000                PROVIDE (RTCAlarm_IRQHandler, 0x0)
                0x00000000                PROVIDE (USBWakeUp_IRQHandler, 0x0)
                0x00000000                PROVIDE (TIM8_BRK_IRQHandler, 0x0)
                0x00000000                PROVIDE (TIM8_UP_IRQHandler, 0x0)
                0x00000000                PROVIDE (TIM8_TRG_COM_IRQHandler, 0x0)
                0x00000000                PROVIDE (TIM8_CC_IRQHandler, 0x0)
                0x00000000                PROVIDE (ADC3_IRQHandler, 0x0)
                0x00000000                PROVIDE (FSMC_IRQHandler, 0x0)
                0x00000000                PROVIDE (SDIO_IRQHandler, 0x0)
                0x00000000                PROVIDE (TIM5_IRQHandler, 0x0)
                0x00000000                PROVIDE (SPI3_IRQHandler, 0x0)
                0x00000000                PROVIDE (UART4_IRQHandler, 0x0)
                0x00000000                PROVIDE (UART5_IRQHandler, 0x0)
                0x00000000                PROVIDE (TIM6_IRQHandler, 0x0)
                0x00000000                PROVIDE (TIM7_IRQHandler, 0x0)
                0x00000000                PROVIDE (DMA2_Channel1_IRQHandler, 0x0)
                0x00000000                PROVIDE (DMA2_Channel2_IRQHandler, 0x0)
                0x00000000                PROVIDE (DMA2_Channel3_IRQHandler, 0x0)
                0x00000000                PROVIDE (DMA2_Channel4_5_IRQHandler, 0x0)
                0x42000000                PERIPH_BB_BASE = 0x42000000
                0x22000000                SRAM_BB_BASE = 0x22000000
                0x20000000                SRAM_BASE = 0x20000000
                0x40000000                PERIPH_BASE = 0x40000000
                0x40022000                PROVIDE (FLASH_BASE, 0x40022000)
                0x1ffff800                PROVIDE (OB_BASE, 0x1ffff800)
                0x40000000                APB1PERIPH_BASE = PERIPH_BASE
                0x40010000                APB2PERIPH_BASE = (PERIPH_BASE + 0x10000)
                0x40020000                AHBPERIPH_BASE = (PERIPH_BASE + 0x20000)
                0x40000000                PROVIDE (TIM2, (APB1PERIPH_BASE + 0x0))
                0x40000400                PROVIDE (TIM3, (APB1PERIPH_BASE + 0x400))
                0x40000800                PROVIDE (TIM4, (APB1PERIPH_BASE + 0x800))
                0x40002800                PROVIDE (RTC, (APB1PERIPH_BASE + 0x2800))
                0x40002c00                PROVIDE (WWDG, (APB1PERIPH_BASE + 0x2c00))
                0x40003000                PROVIDE (IWDG, (APB1PERIPH_BASE + 0x3000))
                0x40003800                PROVIDE (SPI2, (APB1PERIPH_BASE + 0x3800))
                0x40004400                PROVIDE (USART2, (APB1PERIPH_BASE + 0x4400))
                0x40004800                PROVIDE (USART3, (APB1PERIPH_BASE + 0x4800))
                0x40005400                PROVIDE (I2C1, (APB1PERIPH_BASE + 0x5400))
                0x40005800                PROVIDE (I2C2, (APB1PERIPH_BASE + 0x5800))
                0x40006400                PROVIDE (CAN, (APB1PERIPH_BASE + 0x6400))
                0x40006c00                PROVIDE (BKP, (APB1PERIPH_BASE + 0x6c00))
                0x40007000                PROVIDE (PWR, (APB1PERIPH_BASE + 0x7000))
                0x40010000                PROVIDE (AFIO, (APB2PERIPH_BASE + 0x0))
                0x40010400                PROVIDE (EXTI, (APB2PERIPH_BASE + 0x400))
                0x40010800                PROVIDE (GPIOA, (APB2PERIPH_BASE + 0x800))
                0x40010c00                PROVIDE (GPIOB, (APB2PERIPH_BASE + 0xc00))
                0x40011000                PROVIDE (GPIOC, (APB2PERIPH_BASE + 0x1000))
                0x40011400                PROVIDE (GPIOD, (APB2PERIPH_BASE + 0x1400))
                0x40011800                PROVIDE (GPIOE, (APB2PERIPH_BASE + 0x1800))
                0x40012400                PROVIDE (ADC1, (APB2PERIPH_BASE + 0x2400))
                0x40012800                PROVIDE (ADC2, (APB2PERIPH_BASE + 0x2800))
                0x40012c00                PROVIDE (TIM1, (APB2PERIPH_BASE + 0x2c00))
                0x40013000                PROVIDE (SPI1, (APB2PERIPH_BASE + 0x3000))
                0x40013800                PROVIDE (USART1, (APB2PERIPH_BASE + 0x3800))
                0x40020000                PROVIDE (DMA, (AHBPERIPH_BASE + 0x0))
                0x40020008                PROVIDE (DMA_Channel1, (AHBPERIPH_BASE + 0x8))
                0x4002001c                PROVIDE (DMA_Channel2, (AHBPERIPH_BASE + 0x1c))
                0x40020030                PROVIDE (DMA_Channel3, (AHBPERIPH_BASE + 0x30))
                0x40020044                PROVIDE (DMA_Channel4, (AHBPERIPH_BASE + 0x44))
                0x40020058                PROVIDE (DMA_Channel5, (AHBPERIPH_BASE + 0x58))
                0x4002006c                PROVIDE (DMA_Channel6, (AHBPERIPH_BASE + 0x6c))
                0x40020080                PROVIDE (DMA_Channel7, (AHBPERIPH_BASE + 0x80))
                0x40021000                PROVIDE (RCC, (AHBPERIPH_BASE + 0x1000))
                0xe000e000                SCS_BASE = 0xe000e000
                0xe000e010                PROVIDE (SysTick, (SCS_BASE + 0x10))
                0xe000e100                PROVIDE (NVIC, (SCS_BASE + 0x100))
                0xe000ed00                PROVIDE (SCB, (SCS_BASE + 0xd00))
                0x2000c000                _estack = 0x2000c000

.isr_vector     0x08000000      0x1e4
                0x08000000                . = ALIGN (0x4)
 *(.isr_vector)
 .isr_vector    0x08000000      0x1e4 C:\Program Files (x86)\Raisonance\Ride\lib\ARM\crt0_STM32x_HD.o
                0x08000000                g_pfnVectors
                0x080001e4                . = ALIGN (0x4)

.flashtext      0x080001e4        0x0
                0x080001e4                . = ALIGN (0x4)
 *(.flashtext)
                0x080001e4                . = ALIGN (0x4)

.text           0x080001e4     0xb6f0
                0x080001e4                . = ALIGN (0x4)
 *(.text)
 .text          0x080001e4       0x98 c:/program files (x86)/raisonance/ride/arm-gcc/bin/../lib/gcc/arm-none-eabi/4.3.2/../../../../arm-none-eabi/lib/thumb2\libc.a(lib_a-memcpy.o)
                0x080001e4                memcpy
 *(.text.*)
 .text.Reset_Handler
                0x0800027c       0x88 C:\Program Files (x86)\Raisonance\Ride\lib\ARM\crt0_STM32x_HD.o
                0x0800027c                Reset_Handler
 .text.FLASH_SetLatency
                0x08000304       0x18 C:\tien\PROJEKTY\procesory\STM\T104_V100a_GASTOP\stm32f10x_flash.o
                0x08000304                FLASH_SetLatency
 .text.FLASH_PrefetchBufferCmd
                0x0800031c       0x18 C:\tien\PROJEKTY\procesory\STM\T104_V100a_GASTOP\stm32f10x_flash.o
                0x0800031c                FLASH_PrefetchBufferCmd
 .text.FLASH_Unlock
                0x08000334       0x18 C:\tien\PROJEKTY\procesory\STM\T104_V100a_GASTOP\stm32f10x_flash.o
                0x08000334                FLASH_Unlock
 .text.FLASH_ClearFlag
                0x0800034c        0xc C:\tien\PROJEKTY\procesory\STM\T104_V100a_GASTOP\stm32f10x_flash.o
                0x0800034c                FLASH_ClearFlag
 .text.FLASH_GetStatus
                0x08000358       0x2c C:\tien\PROJEKTY\procesory\STM\T104_V100a_GASTOP\stm32f10x_flash.o
                0x08000358                FLASH_GetStatus
 .text.FLASH_WaitForLastOperation
                0x08000384       0x34 C:\tien\PROJEKTY\procesory\STM\T104_V100a_GASTOP\stm32f10x_flash.o
                0x08000384                FLASH_WaitForLastOperation
 .text.FLASH_ProgramWord
                0x080003b8       0x48 C:\tien\PROJEKTY\procesory\STM\T104_V100a_GASTOP\stm32f10x_flash.o
                0x080003b8                FLASH_ProgramWord
 .text.FLASH_ErasePage
                0x08000400       0x44 C:\tien\PROJEKTY\procesory\STM\T104_V100a_GASTOP\stm32f10x_flash.o
                0x08000400                FLASH_ErasePage
 .text.Position_Check
                0x08000444      0x180 C:\tien\PROJEKTY\procesory\STM\T104_V100a_GASTOP\control.o
                0x08000444                Position_Check
 .text.Enc_Positioning_Stop
                0x080005c4       0x30 C:\tien\PROJEKTY\procesory\STM\T104_V100a_GASTOP\control.o
 .text.Self_Test_Loop
                0x080005f4       0x94 C:\tien\PROJEKTY\procesory\STM\T104_V100a_GASTOP\control.o
 .text.Manual_Test
                0x08000688       0x58 C:\tien\PROJEKTY\procesory\STM\T104_V100a_GASTOP\control.o
 .text.Reset_Counters_Fun
                0x080006e0       0x18 C:\tien\PROJEKTY\procesory\STM\T104_V100a_GASTOP\control.o
 .text.Stop_Ind_Bck_Fun
                0x080006f8       0x4c C:\tien\PROJEKTY\procesory\STM\T104_V100a_GASTOP\control.o
 .text.Test_Check
                0x08000744       0x9c C:\tien\PROJEKTY\procesory\STM\T104_V100a_GASTOP\control.o
 .text.Keyboard_Stand_by_Bck
                0x080007e0      0x134 C:\tien\PROJEKTY\procesory\STM\T104_V100a_GASTOP\control.o
 .text.Keyboard_Stand_by_Fwd
                0x08000914      0x130 C:\tien\PROJEKTY\procesory\STM\T104_V100a_GASTOP\control.o
 .text.Start_Ind_Fun
                0x08000a44       0x54 C:\tien\PROJEKTY\procesory\STM\T104_V100a_GASTOP\control.o
 .text.Test_Loop
                0x08000a98       0xd8 C:\tien\PROJEKTY\procesory\STM\T104_V100a_GASTOP\control.o
 .text.Backwords_Check
                0x08000b70       0xec C:\tien\PROJEKTY\procesory\STM\T104_V100a_GASTOP\control.o
 .text.Forward_Check
                0x08000c5c       0xec C:\tien\PROJEKTY\procesory\STM\T104_V100a_GASTOP\control.o
 .text.Enc_Positioning
                0x08000d48       0x70 C:\tien\PROJEKTY\procesory\STM\T104_V100a_GASTOP\control.o
 .text.Keyboard_Stand_by
                0x08000db8      0x264 C:\tien\PROJEKTY\procesory\STM\T104_V100a_GASTOP\control.o
 .text.Release_Kbd_Mem
                0x0800101c      0x100 C:\tien\PROJEKTY\procesory\STM\T104_V100a_GASTOP\control.o
 .text.Stop_Ind_Fwd_Fun
                0x0800111c       0x98 C:\tien\PROJEKTY\procesory\STM\T104_V100a_GASTOP\control.o
 .text.Standby_Zwora_Bck_Fun
                0x080011b4       0x8c C:\tien\PROJEKTY\procesory\STM\T104_V100a_GASTOP\control.o
 .text.Standby_Zwora_Fwd_Fun
                0x08001240       0x8c C:\tien\PROJEKTY\procesory\STM\T104_V100a_GASTOP\control.o
 .text.Standby_Time_Wait
                0x080012cc      0x18c C:\tien\PROJEKTY\procesory\STM\T104_V100a_GASTOP\control.o
 .text.Forcing_Loop
                0x08001458       0x68 C:\tien\PROJEKTY\procesory\STM\T104_V100a_GASTOP\control.o
 .text.Forcing_Wait
                0x080014c0      0x188 C:\tien\PROJEKTY\procesory\STM\T104_V100a_GASTOP\control.o
 .text.Test_Interval_Fun
                0x08001648       0x54 C:\tien\PROJEKTY\procesory\STM\T104_V100a_GASTOP\control.o
 .text.Stop_Bck_Fun
                0x0800169c      0x1bc C:\tien\PROJEKTY\procesory\STM\T104_V100a_GASTOP\control.o
 .text.Stop_Fwd_Fun
                0x08001858      0x1bc C:\tien\PROJEKTY\procesory\STM\T104_V100a_GASTOP\control.o
 .text.Backwords_Go
                0x08001a14       0xa0 C:\tien\PROJEKTY\procesory\STM\T104_V100a_GASTOP\control.o
 .text.Forward_Go
                0x08001ab4       0xa0 C:\tien\PROJEKTY\procesory\STM\T104_V100a_GASTOP\control.o
 .text.Backwords_Move
                0x08001b54      0x24c C:\tien\PROJEKTY\procesory\STM\T104_V100a_GASTOP\control.o
 .text.Forward_Move
                0x08001da0      0x24c C:\tien\PROJEKTY\procesory\STM\T104_V100a_GASTOP\control.o
 .text.Control  0x08001fec      0x578 C:\tien\PROJEKTY\procesory\STM\T104_V100a_GASTOP\control.o
                0x08001fec                Control
 .text.System_Timer_Setting
                0x08002564       0x10 C:\tien\PROJEKTY\procesory\STM\T104_V100a_GASTOP\sys.o
                0x08002564                System_Timer_Setting
 .text.System_Timer_Check
                0x08002574       0x18 C:\tien\PROJEKTY\procesory\STM\T104_V100a_GASTOP\sys.o
                0x08002574                System_Timer_Check
 .text.Sap_Handling
                0x0800258c       0x68 C:\tien\PROJEKTY\procesory\STM\T104_V100a_GASTOP\sys.o
                0x0800258c                Sap_Handling
 .text.Stop_Angles_Set
                0x080025f4      0x144 C:\tien\PROJEKTY\procesory\STM\T104_V100a_GASTOP\sys.o
                0x080025f4                Stop_Angles_Set
 .text.Output_2_Control
                0x08002738       0x20 C:\tien\PROJEKTY\procesory\STM\T104_V100a_GASTOP\sys.o
                0x08002738                Output_2_Control
 .text.Input_Output_Test
                0x08002758      0x2d8 C:\tien\PROJEKTY\procesory\STM\T104_V100a_GASTOP\sys.o
                0x08002758                Input_Output_Test
 .text.Back_Signals_Control
                0x08002a30       0xac C:\tien\PROJEKTY\procesory\STM\T104_V100a_GASTOP\sys.o
                0x08002a30                Back_Signals_Control
 .text.Output_4_Control
                0x08002adc       0x60 C:\tien\PROJEKTY\procesory\STM\T104_V100a_GASTOP\sys.o
                0x08002adc                Output_4_Control
 .text.Output_3_Control
                0x08002b3c       0x2c C:\tien\PROJEKTY\procesory\STM\T104_V100a_GASTOP\sys.o
                0x08002b3c                Output_3_Control
 .text.Internal_Fan_Control
                0x08002b68       0x4c C:\tien\PROJEKTY\procesory\STM\T104_V100a_GASTOP\sys.o
                0x08002b68                Internal_Fan_Control
 .text.Output_1_Control
                0x08002bb4       0xdc C:\tien\PROJEKTY\procesory\STM\T104_V100a_GASTOP\sys.o
                0x08002bb4                Output_1_Control
 .text.Periods_Handling
                0x08002c90      0x1f8 C:\tien\PROJEKTY\procesory\STM\T104_V100a_GASTOP\sys.o
                0x08002c90                Periods_Handling
 .text.Analog_Measure
                0x08002e88       0x60 C:\tien\PROJEKTY\procesory\STM\T104_V100a_GASTOP\sys.o
                0x08002e88                Analog_Measure
 .text.Encoder_Pos_Read
                0x08002ee8       0x7c C:\tien\PROJEKTY\procesory\STM\T104_V100a_GASTOP\sys.o
                0x08002ee8                Encoder_Pos_Read
 .text.Inputs_Handling
                0x08002f64      0x348 C:\tien\PROJEKTY\procesory\STM\T104_V100a_GASTOP\sys.o
                0x08002f64                Inputs_Handling
 .text.Keyboard_Handling
                0x080032ac      0x140 C:\tien\PROJEKTY\procesory\STM\T104_V100a_GASTOP\sys.o
                0x080032ac                Keyboard_Handling
 .text.Sys_sys  0x080033ec       0x78 C:\tien\PROJEKTY\procesory\STM\T104_V100a_GASTOP\sys.o
                0x080033ec                Sys_sys
 .text.Sys_Init
                0x08003464       0xf8 C:\tien\PROJEKTY\procesory\STM\T104_V100a_GASTOP\sys.o
                0x08003464                Sys_Init
 .text.NMIException
                0x0800355c        0x4 C:\tien\PROJEKTY\procesory\STM\T104_V100a_GASTOP\stm32f10x_it.o
                0x0800355c                NMIException
 .text.HardFaultException
                0x08003560        0x4 C:\tien\PROJEKTY\procesory\STM\T104_V100a_GASTOP\stm32f10x_it.o
                0x08003560                HardFaultException
 .text.MemManageException
                0x08003564        0x4 C:\tien\PROJEKTY\procesory\STM\T104_V100a_GASTOP\stm32f10x_it.o
                0x08003564                MemManageException
 .text.BusFaultException
                0x08003568        0x4 C:\tien\PROJEKTY\procesory\STM\T104_V100a_GASTOP\stm32f10x_it.o
                0x08003568                BusFaultException
 .text.UsageFaultException
                0x0800356c        0x4 C:\tien\PROJEKTY\procesory\STM\T104_V100a_GASTOP\stm32f10x_it.o
                0x0800356c                UsageFaultException
 .text.DebugMonitor
                0x08003570        0x4 C:\tien\PROJEKTY\procesory\STM\T104_V100a_GASTOP\stm32f10x_it.o
                0x08003570                DebugMonitor
 .text.SVCHandler
                0x08003574        0x4 C:\tien\PROJEKTY\procesory\STM\T104_V100a_GASTOP\stm32f10x_it.o
                0x08003574                SVCHandler
 .text.PendSVC  0x08003578        0x4 C:\tien\PROJEKTY\procesory\STM\T104_V100a_GASTOP\stm32f10x_it.o
                0x08003578                PendSVC
 .text.SysTickHandler
                0x0800357c       0x8c C:\tien\PROJEKTY\procesory\STM\T104_V100a_GASTOP\stm32f10x_it.o
                0x0800357c                SysTickHandler
 .text.WWDG_IRQHandler
                0x08003608        0x4 C:\tien\PROJEKTY\procesory\STM\T104_V100a_GASTOP\stm32f10x_it.o
                0x08003608                WWDG_IRQHandler
 .text.PVD_IRQHandler
                0x0800360c        0x4 C:\tien\PROJEKTY\procesory\STM\T104_V100a_GASTOP\stm32f10x_it.o
                0x0800360c                PVD_IRQHandler
 .text.TAMPER_IRQHandler
                0x08003610        0x4 C:\tien\PROJEKTY\procesory\STM\T104_V100a_GASTOP\stm32f10x_it.o
                0x08003610                TAMPER_IRQHandler
 .text.RTC_IRQHandler
                0x08003614        0x4 C:\tien\PROJEKTY\procesory\STM\T104_V100a_GASTOP\stm32f10x_it.o
                0x08003614                RTC_IRQHandler
 .text.FLASH_IRQHandler
                0x08003618        0x4 C:\tien\PROJEKTY\procesory\STM\T104_V100a_GASTOP\stm32f10x_it.o
                0x08003618                FLASH_IRQHandler
 .text.RCC_IRQHandler
                0x0800361c        0x4 C:\tien\PROJEKTY\procesory\STM\T104_V100a_GASTOP\stm32f10x_it.o
                0x0800361c                RCC_IRQHandler
 .text.EXTI0_IRQHandler
                0x08003620        0x4 C:\tien\PROJEKTY\procesory\STM\T104_V100a_GASTOP\stm32f10x_it.o
                0x08003620                EXTI0_IRQHandler
 .text.EXTI1_IRQHandler
                0x08003624        0x4 C:\tien\PROJEKTY\procesory\STM\T104_V100a_GASTOP\stm32f10x_it.o
                0x08003624                EXTI1_IRQHandler
 .text.EXTI2_IRQHandler
                0x08003628        0x4 C:\tien\PROJEKTY\procesory\STM\T104_V100a_GASTOP\stm32f10x_it.o
                0x08003628                EXTI2_IRQHandler
 .text.EXTI3_IRQHandler
                0x0800362c        0x4 C:\tien\PROJEKTY\procesory\STM\T104_V100a_GASTOP\stm32f10x_it.o
                0x0800362c                EXTI3_IRQHandler
 .text.EXTI4_IRQHandler
                0x08003630        0x4 C:\tien\PROJEKTY\procesory\STM\T104_V100a_GASTOP\stm32f10x_it.o
                0x08003630                EXTI4_IRQHandler
 .text.DMA1_Channel1_IRQHandler
                0x08003634        0x4 C:\tien\PROJEKTY\procesory\STM\T104_V100a_GASTOP\stm32f10x_it.o
                0x08003634                DMA1_Channel1_IRQHandler
 .text.DMA1_Channel2_IRQHandler
                0x08003638        0x4 C:\tien\PROJEKTY\procesory\STM\T104_V100a_GASTOP\stm32f10x_it.o
                0x08003638                DMA1_Channel2_IRQHandler
 .text.DMA1_Channel3_IRQHandler
                0x0800363c        0x4 C:\tien\PROJEKTY\procesory\STM\T104_V100a_GASTOP\stm32f10x_it.o
                0x0800363c                DMA1_Channel3_IRQHandler
 .text.DMA1_Channel4_IRQHandler
                0x08003640        0x4 C:\tien\PROJEKTY\procesory\STM\T104_V100a_GASTOP\stm32f10x_it.o
                0x08003640                DMA1_Channel4_IRQHandler
 .text.DMA1_Channel5_IRQHandler
                0x08003644        0x4 C:\tien\PROJEKTY\procesory\STM\T104_V100a_GASTOP\stm32f10x_it.o
                0x08003644                DMA1_Channel5_IRQHandler
 .text.DMA1_Channel6_IRQHandler
                0x08003648        0x4 C:\tien\PROJEKTY\procesory\STM\T104_V100a_GASTOP\stm32f10x_it.o
                0x08003648                DMA1_Channel6_IRQHandler
 .text.DMA1_Channel7_IRQHandler
                0x0800364c        0x4 C:\tien\PROJEKTY\procesory\STM\T104_V100a_GASTOP\stm32f10x_it.o
                0x0800364c                DMA1_Channel7_IRQHandler
 .text.ADC1_2_IRQHandler
                0x08003650        0x4 C:\tien\PROJEKTY\procesory\STM\T104_V100a_GASTOP\stm32f10x_it.o
                0x08003650                ADC1_2_IRQHandler
 .text.USB_HP_CAN_TX_IRQHandler
                0x08003654        0x4 C:\tien\PROJEKTY\procesory\STM\T104_V100a_GASTOP\stm32f10x_it.o
                0x08003654                USB_HP_CAN_TX_IRQHandler
 .text.CAN_RX1_IRQHandler
                0x08003658        0x4 C:\tien\PROJEKTY\procesory\STM\T104_V100a_GASTOP\stm32f10x_it.o
                0x08003658                CAN_RX1_IRQHandler
 .text.CAN_SCE_IRQHandler
                0x0800365c        0x4 C:\tien\PROJEKTY\procesory\STM\T104_V100a_GASTOP\stm32f10x_it.o
                0x0800365c                CAN_SCE_IRQHandler
 .text.EXTI9_5_IRQHandler
                0x08003660        0x4 C:\tien\PROJEKTY\procesory\STM\T104_V100a_GASTOP\stm32f10x_it.o
                0x08003660                EXTI9_5_IRQHandler
 .text.TIM1_BRK_IRQHandler
                0x08003664        0x4 C:\tien\PROJEKTY\procesory\STM\T104_V100a_GASTOP\stm32f10x_it.o
                0x08003664                TIM1_BRK_IRQHandler
 .text.TIM1_UP_IRQHandler
                0x08003668        0x4 C:\tien\PROJEKTY\procesory\STM\T104_V100a_GASTOP\stm32f10x_it.o
                0x08003668                TIM1_UP_IRQHandler
 .text.TIM1_TRG_COM_IRQHandler
                0x0800366c        0x4 C:\tien\PROJEKTY\procesory\STM\T104_V100a_GASTOP\stm32f10x_it.o
                0x0800366c                TIM1_TRG_COM_IRQHandler
 .text.TIM1_CC_IRQHandler
                0x08003670        0x4 C:\tien\PROJEKTY\procesory\STM\T104_V100a_GASTOP\stm32f10x_it.o
                0x08003670                TIM1_CC_IRQHandler
 .text.TIM2_IRQHandler
                0x08003674        0x4 C:\tien\PROJEKTY\procesory\STM\T104_V100a_GASTOP\stm32f10x_it.o
                0x08003674                TIM2_IRQHandler
 .text.TIM3_IRQHandler
                0x08003678        0x4 C:\tien\PROJEKTY\procesory\STM\T104_V100a_GASTOP\stm32f10x_it.o
                0x08003678                TIM3_IRQHandler
 .text.TIM4_IRQHandler
                0x0800367c        0x4 C:\tien\PROJEKTY\procesory\STM\T104_V100a_GASTOP\stm32f10x_it.o
                0x0800367c                TIM4_IRQHandler
 .text.I2C1_EV_IRQHandler
                0x08003680        0x4 C:\tien\PROJEKTY\procesory\STM\T104_V100a_GASTOP\stm32f10x_it.o
                0x08003680                I2C1_EV_IRQHandler
 .text.I2C1_ER_IRQHandler
                0x08003684        0x4 C:\tien\PROJEKTY\procesory\STM\T104_V100a_GASTOP\stm32f10x_it.o
                0x08003684                I2C1_ER_IRQHandler
 .text.I2C2_EV_IRQHandler
                0x08003688        0x4 C:\tien\PROJEKTY\procesory\STM\T104_V100a_GASTOP\stm32f10x_it.o
                0x08003688                I2C2_EV_IRQHandler
 .text.I2C2_ER_IRQHandler
                0x0800368c        0x4 C:\tien\PROJEKTY\procesory\STM\T104_V100a_GASTOP\stm32f10x_it.o
                0x0800368c                I2C2_ER_IRQHandler
 .text.SPI1_IRQHandler
                0x08003690        0x4 C:\tien\PROJEKTY\procesory\STM\T104_V100a_GASTOP\stm32f10x_it.o
                0x08003690                SPI1_IRQHandler
 .text.SPI2_IRQHandler
                0x08003694        0x4 C:\tien\PROJEKTY\procesory\STM\T104_V100a_GASTOP\stm32f10x_it.o
                0x08003694                SPI2_IRQHandler
 .text.USART1_IRQHandler
                0x08003698        0x4 C:\tien\PROJEKTY\procesory\STM\T104_V100a_GASTOP\stm32f10x_it.o
                0x08003698                USART1_IRQHandler
 .text.USART2_IRQHandler
                0x0800369c        0x4 C:\tien\PROJEKTY\procesory\STM\T104_V100a_GASTOP\stm32f10x_it.o
                0x0800369c                USART2_IRQHandler
 .text.USART3_IRQHandler
                0x080036a0        0x4 C:\tien\PROJEKTY\procesory\STM\T104_V100a_GASTOP\stm32f10x_it.o
                0x080036a0                USART3_IRQHandler
 .text.EXTI15_10_IRQHandler
                0x080036a4        0x4 C:\tien\PROJEKTY\procesory\STM\T104_V100a_GASTOP\stm32f10x_it.o
                0x080036a4                EXTI15_10_IRQHandler
 .text.RTCAlarm_IRQHandler
                0x080036a8        0x4 C:\tien\PROJEKTY\procesory\STM\T104_V100a_GASTOP\stm32f10x_it.o
                0x080036a8                RTCAlarm_IRQHandler
 .text.USBWakeUp_IRQHandler
                0x080036ac        0x4 C:\tien\PROJEKTY\procesory\STM\T104_V100a_GASTOP\stm32f10x_it.o
                0x080036ac                USBWakeUp_IRQHandler
 .text.TIM8_BRK_IRQHandler
                0x080036b0        0x4 C:\tien\PROJEKTY\procesory\STM\T104_V100a_GASTOP\stm32f10x_it.o
                0x080036b0                TIM8_BRK_IRQHandler
 .text.TIM8_UP_IRQHandler
                0x080036b4        0x4 C:\tien\PROJEKTY\procesory\STM\T104_V100a_GASTOP\stm32f10x_it.o
                0x080036b4                TIM8_UP_IRQHandler
 .text.TIM8_TRG_COM_IRQHandler
                0x080036b8        0x4 C:\tien\PROJEKTY\procesory\STM\T104_V100a_GASTOP\stm32f10x_it.o
                0x080036b8                TIM8_TRG_COM_IRQHandler
 .text.TIM8_CC_IRQHandler
                0x080036bc        0x4 C:\tien\PROJEKTY\procesory\STM\T104_V100a_GASTOP\stm32f10x_it.o
                0x080036bc                TIM8_CC_IRQHandler
 .text.ADC3_IRQHandler
                0x080036c0        0x4 C:\tien\PROJEKTY\procesory\STM\T104_V100a_GASTOP\stm32f10x_it.o
                0x080036c0                ADC3_IRQHandler
 .text.FSMC_IRQHandler
                0x080036c4        0x4 C:\tien\PROJEKTY\procesory\STM\T104_V100a_GASTOP\stm32f10x_it.o
                0x080036c4                FSMC_IRQHandler
 .text.SDIO_IRQHandler
                0x080036c8        0x4 C:\tien\PROJEKTY\procesory\STM\T104_V100a_GASTOP\stm32f10x_it.o
                0x080036c8                SDIO_IRQHandler
 .text.TIM5_IRQHandler
                0x080036cc        0x4 C:\tien\PROJEKTY\procesory\STM\T104_V100a_GASTOP\stm32f10x_it.o
                0x080036cc                TIM5_IRQHandler
 .text.SPI3_IRQHandler
                0x080036d0        0x4 C:\tien\PROJEKTY\procesory\STM\T104_V100a_GASTOP\stm32f10x_it.o
                0x080036d0                SPI3_IRQHandler
 .text.UART4_IRQHandler
                0x080036d4        0x4 C:\tien\PROJEKTY\procesory\STM\T104_V100a_GASTOP\stm32f10x_it.o
                0x080036d4                UART4_IRQHandler
 .text.UART5_IRQHandler
                0x080036d8        0x4 C:\tien\PROJEKTY\procesory\STM\T104_V100a_GASTOP\stm32f10x_it.o
                0x080036d8                UART5_IRQHandler
 .text.TIM6_IRQHandler
                0x080036dc        0x4 C:\tien\PROJEKTY\procesory\STM\T104_V100a_GASTOP\stm32f10x_it.o
                0x080036dc                TIM6_IRQHandler
 .text.TIM7_IRQHandler
                0x080036e0        0x4 C:\tien\PROJEKTY\procesory\STM\T104_V100a_GASTOP\stm32f10x_it.o
                0x080036e0                TIM7_IRQHandler
 .text.DMA2_Channel1_IRQHandler
                0x080036e4        0x4 C:\tien\PROJEKTY\procesory\STM\T104_V100a_GASTOP\stm32f10x_it.o
                0x080036e4                DMA2_Channel1_IRQHandler
 .text.DMA2_Channel2_IRQHandler
                0x080036e8        0x4 C:\tien\PROJEKTY\procesory\STM\T104_V100a_GASTOP\stm32f10x_it.o
                0x080036e8                DMA2_Channel2_IRQHandler
 .text.DMA2_Channel3_IRQHandler
                0x080036ec        0x4 C:\tien\PROJEKTY\procesory\STM\T104_V100a_GASTOP\stm32f10x_it.o
                0x080036ec                DMA2_Channel3_IRQHandler
 .text.DMA2_Channel4_5_IRQHandler
                0x080036f0        0x4 C:\tien\PROJEKTY\procesory\STM\T104_V100a_GASTOP\stm32f10x_it.o
                0x080036f0                DMA2_Channel4_5_IRQHandler
 .text.USB_LP_CAN_RX0_IRQHandler
                0x080036f4        0x8 C:\tien\PROJEKTY\procesory\STM\T104_V100a_GASTOP\stm32f10x_it.o
                0x080036f4                USB_LP_CAN_RX0_IRQHandler
 .text.IsLeapYear
                0x080036fc       0x34 C:\tien\PROJEKTY\procesory\STM\T104_V100a_GASTOP\RTC.o
                0x080036fc                IsLeapYear
 .text.Update_Date
                0x08003730       0x94 C:\tien\PROJEKTY\procesory\STM\T104_V100a_GASTOP\RTC.o
                0x08003730                Update_Date
 .text.Date_2_Days
                0x080037c4       0x78 C:\tien\PROJEKTY\procesory\STM\T104_V100a_GASTOP\RTC.o
                0x080037c4                Date_2_Days
 .text.RTC_WaitForLastTaskTimeout
                0x0800383c       0x3c C:\tien\PROJEKTY\procesory\STM\T104_V100a_GASTOP\RTC.o
                0x0800383c                RTC_WaitForLastTaskTimeout
 .text.RTC_WaitForSynchroTimeout
                0x08003878       0x4c C:\tien\PROJEKTY\procesory\STM\T104_V100a_GASTOP\RTC.o
                0x08003878                RTC_WaitForSynchroTimeout
 .text.Write_Date
                0x080038c4       0x28 C:\tien\PROJEKTY\procesory\STM\T104_V100a_GASTOP\RTC.o
                0x080038c4                Write_Date
 .text.Update_Time
                0x080038ec       0x24 C:\tien\PROJEKTY\procesory\STM\T104_V100a_GASTOP\RTC.o
                0x080038ec                Update_Time
 .text.Read_Time
                0x08003910       0x40 C:\tien\PROJEKTY\procesory\STM\T104_V100a_GASTOP\RTC.o
                0x08003910                Read_Time
 .text.Read_Date
                0x08003950       0x2c C:\tien\PROJEKTY\procesory\STM\T104_V100a_GASTOP\RTC.o
                0x08003950                Read_Date
 .text.RTC_Handler
                0x0800397c       0x68 C:\tien\PROJEKTY\procesory\STM\T104_V100a_GASTOP\RTC.o
                0x0800397c                RTC_Handler
 .text.RTC_Init
                0x080039e4       0xf8 C:\tien\PROJEKTY\procesory\STM\T104_V100a_GASTOP\RTC.o
                0x080039e4                RTC_Init
 .text.main     0x08003adc       0x34 C:\tien\PROJEKTY\procesory\STM\T104_V100a_GASTOP\main.o
                0x08003adc                main
 .text.Lcd_Delay
                0x08003b10       0x28 C:\tien\PROJEKTY\procesory\STM\T104_V100a_GASTOP\lcd.o
                0x08003b10                Lcd_Delay
 .text.Lcd_Set_Address
                0x08003b38       0x18 C:\tien\PROJEKTY\procesory\STM\T104_V100a_GASTOP\lcd.o
                0x08003b38                Lcd_Set_Address
 .text.Lcd_Write_Buffer
                0x08003b50       0x44 C:\tien\PROJEKTY\procesory\STM\T104_V100a_GASTOP\lcd.o
                0x08003b50                Lcd_Write_Buffer
 .text.Lcd_Clear_Buffer
                0x08003b94       0x24 C:\tien\PROJEKTY\procesory\STM\T104_V100a_GASTOP\lcd.o
                0x08003b94                Lcd_Clear_Buffer
 .text.Lcd_Cmd  0x08003bb8      0x104 C:\tien\PROJEKTY\procesory\STM\T104_V100a_GASTOP\lcd.o
                0x08003bb8                Lcd_Cmd
 .text.Lcd_Data
                0x08003cbc      0x100 C:\tien\PROJEKTY\procesory\STM\T104_V100a_GASTOP\lcd.o
                0x08003cbc                Lcd_Data
 .text.Lcd_Load_Buffer
                0x08003dbc       0x70 C:\tien\PROJEKTY\procesory\STM\T104_V100a_GASTOP\lcd.o
                0x08003dbc                Lcd_Load_Buffer
 .text.Lcd_Write_Text
                0x08003e2c       0x18 C:\tien\PROJEKTY\procesory\STM\T104_V100a_GASTOP\lcd.o
                0x08003e2c                Lcd_Write_Text
 .text.Lcd_Init
                0x08003e44       0x38 C:\tien\PROJEKTY\procesory\STM\T104_V100a_GASTOP\lcd.o
                0x08003e44                Lcd_Init
 .text.Registers_Init
                0x08003e7c       0x1c C:\tien\PROJEKTY\procesory\STM\T104_V100a_GASTOP\hardware.o
                0x08003e7c                Registers_Init
 .text.Software_Delay
                0x08003e98       0x18 C:\tien\PROJEKTY\procesory\STM\T104_V100a_GASTOP\hardware.o
                0x08003e98                Software_Delay
 .text.Enter_LowPowerMode
                0x08003eb0        0xc C:\tien\PROJEKTY\procesory\STM\T104_V100a_GASTOP\hardware.o
                0x08003eb0                Enter_LowPowerMode
 .text.Leave_LowPowerMode
                0x08003ebc       0x1c C:\tien\PROJEKTY\procesory\STM\T104_V100a_GASTOP\hardware.o
                0x08003ebc                Leave_LowPowerMode
 .text.Get_SerialNum
                0x08003ed8       0x54 C:\tien\PROJEKTY\procesory\STM\T104_V100a_GASTOP\hardware.o
                0x08003ed8                Get_SerialNum
 .text.Set_USBClock
                0x08003f2c       0x14 C:\tien\PROJEKTY\procesory\STM\T104_V100a_GASTOP\hardware.o
                0x08003f2c                Set_USBClock
 .text.FLASH_Init
                0x08003f40       0x10 C:\tien\PROJEKTY\procesory\STM\T104_V100a_GASTOP\hardware.o
                0x08003f40                FLASH_Init
 .text.WWDT_Handler
                0x08003f50        0x8 C:\tien\PROJEKTY\procesory\STM\T104_V100a_GASTOP\hardware.o
                0x08003f50                WWDT_Handler
 .text.WWDT_Init
                0x08003f58       0x24 C:\tien\PROJEKTY\procesory\STM\T104_V100a_GASTOP\hardware.o
                0x08003f58                WWDT_Init
 .text.Adc_Configuration
                0x08003f7c       0x78 C:\tien\PROJEKTY\procesory\STM\T104_V100a_GASTOP\hardware.o
                0x08003f7c                Adc_Configuration
 .text.DMA_Configuration
                0x08003ff4       0x5c C:\tien\PROJEKTY\procesory\STM\T104_V100a_GASTOP\hardware.o
                0x08003ff4                DMA_Configuration
 .text.SPI_Configuration
                0x08004050       0x44 C:\tien\PROJEKTY\procesory\STM\T104_V100a_GASTOP\hardware.o
                0x08004050                SPI_Configuration
 .text.Tim_Coufiguration
                0x08004094       0xe4 C:\tien\PROJEKTY\procesory\STM\T104_V100a_GASTOP\hardware.o
                0x08004094                Tim_Coufiguration
 .text.NVIC_Enable
                0x08004178       0x1c C:\tien\PROJEKTY\procesory\STM\T104_V100a_GASTOP\hardware.o
                0x08004178                NVIC_Enable
 .text.NVIC_Configuration
                0x08004194       0x1c C:\tien\PROJEKTY\procesory\STM\T104_V100a_GASTOP\hardware.o
                0x08004194                NVIC_Configuration
 .text.GPIO_Configuration
                0x080041b0      0x1c4 C:\tien\PROJEKTY\procesory\STM\T104_V100a_GASTOP\hardware.o
                0x080041b0                GPIO_Configuration
 .text.RCC_Configuration
                0x08004374       0x98 C:\tien\PROJEKTY\procesory\STM\T104_V100a_GASTOP\hardware.o
                0x08004374                RCC_Configuration
 .text.Hardware_Init
                0x0800440c       0x40 C:\tien\PROJEKTY\procesory\STM\T104_V100a_GASTOP\hardware.o
                0x0800440c                Hardware_Init
 .text.Bin2String
                0x0800444c      0x104 C:\tien\PROJEKTY\procesory\STM\T104_V100a_GASTOP\gui.o
                0x0800444c                Bin2String
 .text.Menu_Keyboard
                0x08004550       0xa0 C:\tien\PROJEKTY\procesory\STM\T104_V100a_GASTOP\gui.o
                0x08004550                Menu_Keyboard
 .text.Keyboard_Edit_Variable
                0x080045f0       0xe8 C:\tien\PROJEKTY\procesory\STM\T104_V100a_GASTOP\gui.o
                0x080045f0                Keyboard_Edit_Variable
 .text.First_Editable_Variable
                0x080046d8       0x34 C:\tien\PROJEKTY\procesory\STM\T104_V100a_GASTOP\gui.o
                0x080046d8                First_Editable_Variable
 .text.Next_Editable_Variable
                0x0800470c       0x28 C:\tien\PROJEKTY\procesory\STM\T104_V100a_GASTOP\gui.o
                0x0800470c                Next_Editable_Variable
 .text.Keyboard_Standby
                0x08004734       0x34 C:\tien\PROJEKTY\procesory\STM\T104_V100a_GASTOP\gui.o
 .text.Keyboard_Enable
                0x08004768       0x54 C:\tien\PROJEKTY\procesory\STM\T104_V100a_GASTOP\gui.o
 .text.Keyboard_Menu
                0x080047bc      0x110 C:\tien\PROJEKTY\procesory\STM\T104_V100a_GASTOP\gui.o
 .text.Keyboard_Param
                0x080048cc       0xc8 C:\tien\PROJEKTY\procesory\STM\T104_V100a_GASTOP\gui.o
 .text.Keyboard_Set
                0x08004994       0xf0 C:\tien\PROJEKTY\procesory\STM\T104_V100a_GASTOP\gui.o
 .text.Keyboard_Lic
                0x08004a84       0x84 C:\tien\PROJEKTY\procesory\STM\T104_V100a_GASTOP\gui.o
 .text.Keyboard_Test
                0x08004b08      0x110 C:\tien\PROJEKTY\procesory\STM\T104_V100a_GASTOP\gui.o
 .text.Keyboard_Haslo
                0x08004c18      0x114 C:\tien\PROJEKTY\procesory\STM\T104_V100a_GASTOP\gui.o
 .text.Keyboard_Prog_Test
                0x08004d2c       0xac C:\tien\PROJEKTY\procesory\STM\T104_V100a_GASTOP\gui.o
 .text.Keyboard_Ster_Blok
                0x08004dd8       0x48 C:\tien\PROJEKTY\procesory\STM\T104_V100a_GASTOP\gui.o
 .text.Keyboard_Odczyt_Serwis
                0x08004e20       0x50 C:\tien\PROJEKTY\procesory\STM\T104_V100a_GASTOP\gui.o
 .text.Keyboard_Ind_Test
                0x08004e70       0x80 C:\tien\PROJEKTY\procesory\STM\T104_V100a_GASTOP\gui.o
 .text.Keyboard_Test_WeWy
                0x08004ef0       0x70 C:\tien\PROJEKTY\procesory\STM\T104_V100a_GASTOP\gui.o
 .text.Keyboard_Info
                0x08004f60       0x54 C:\tien\PROJEKTY\procesory\STM\T104_V100a_GASTOP\gui.o
 .text.Lock_Init
                0x08004fb4       0x74 C:\tien\PROJEKTY\procesory\STM\T104_V100a_GASTOP\gui.o
                0x08004fb4                Lock_Init
 .text.Keyboard_Date
                0x08005028       0xb8 C:\tien\PROJEKTY\procesory\STM\T104_V100a_GASTOP\gui.o
 .text.Update_Counters
                0x080050e0       0x2c C:\tien\PROJEKTY\procesory\STM\T104_V100a_GASTOP\gui.o
                0x080050e0                Update_Counters
 .text.Write_Settings
                0x0800510c       0x98 C:\tien\PROJEKTY\procesory\STM\T104_V100a_GASTOP\gui.o
                0x0800510c                Write_Settings
 .text.Keyboard_Ust_Serwis
                0x080051a4       0xcc C:\tien\PROJEKTY\procesory\STM\T104_V100a_GASTOP\gui.o
 .text.Keyboard_Zerowanie
                0x08005270       0x78 C:\tien\PROJEKTY\procesory\STM\T104_V100a_GASTOP\gui.o
 .text.Keyboard_Fabryczne
                0x080052e8       0xe8 C:\tien\PROJEKTY\procesory\STM\T104_V100a_GASTOP\gui.o
 .text.Keyboard_Odblokuj
                0x080053d0      0x120 C:\tien\PROJEKTY\procesory\STM\T104_V100a_GASTOP\gui.o
 .text.Keyboard_Ust_Enk
                0x080054f0       0x78 C:\tien\PROJEKTY\procesory\STM\T104_V100a_GASTOP\gui.o
 .text.Keyboard_Functions1
                0x08005568       0xb4 C:\tien\PROJEKTY\procesory\STM\T104_V100a_GASTOP\gui.o
 .text.Keyboard_Lights
                0x0800561c       0xb0 C:\tien\PROJEKTY\procesory\STM\T104_V100a_GASTOP\gui.o
 .text.Keyboard_Heat_Cool
                0x080056cc       0xb0 C:\tien\PROJEKTY\procesory\STM\T104_V100a_GASTOP\gui.o
 .text.Keyboard_Param_Ster
                0x0800577c       0xc4 C:\tien\PROJEKTY\procesory\STM\T104_V100a_GASTOP\gui.o
 .text.Keyboard_Param_Mech
                0x08005840       0xe0 C:\tien\PROJEKTY\procesory\STM\T104_V100a_GASTOP\gui.o
 .text.Keyboard_RTC
                0x08005920       0xa0 C:\tien\PROJEKTY\procesory\STM\T104_V100a_GASTOP\gui.o
 .text.Keyboard_Lock
                0x080059c0       0xe8 C:\tien\PROJEKTY\procesory\STM\T104_V100a_GASTOP\gui.o
 .text.Keyboard_Passwd
                0x08005aa8       0xb4 C:\tien\PROJEKTY\procesory\STM\T104_V100a_GASTOP\gui.o
 .text.Keyboard_Language
                0x08005b5c       0xa0 C:\tien\PROJEKTY\procesory\STM\T104_V100a_GASTOP\gui.o
 .text.Keyboard_Gate
                0x08005bfc       0xe8 C:\tien\PROJEKTY\procesory\STM\T104_V100a_GASTOP\gui.o
 .text.Lock_Handling
                0x08005ce4       0x48 C:\tien\PROJEKTY\procesory\STM\T104_V100a_GASTOP\gui.o
                0x08005ce4                Lock_Handling
 .text.Update_Lock_Counter
                0x08005d2c       0x24 C:\tien\PROJEKTY\procesory\STM\T104_V100a_GASTOP\gui.o
                0x08005d2c                Update_Lock_Counter
 .text.Read_Settings
                0x08005d50      0x170 C:\tien\PROJEKTY\procesory\STM\T104_V100a_GASTOP\gui.o
                0x08005d50                Read_Settings
 .text.Gui_Init
                0x08005ec0       0x24 C:\tien\PROJEKTY\procesory\STM\T104_V100a_GASTOP\gui.o
                0x08005ec0                Gui_Init
 .text.Display_On_Screen
                0x08005ee4      0x318 C:\tien\PROJEKTY\procesory\STM\T104_V100a_GASTOP\gui.o
                0x08005ee4                Display_On_Screen
 .text.Gui      0x080061fc      0x144 C:\tien\PROJEKTY\procesory\STM\T104_V100a_GASTOP\gui.o
                0x080061fc                Gui
 .text.Standard_GetConfiguration
                0x08006340       0x28 C:\tien\PROJEKTY\procesory\STM\T104_V100a_GASTOP\usb_core.o
                0x08006340                Standard_GetConfiguration
 .text.Standard_SetConfiguration
                0x08006368       0x38 C:\tien\PROJEKTY\procesory\STM\T104_V100a_GASTOP\usb_core.o
                0x08006368                Standard_SetConfiguration
 .text.Standard_GetInterface
                0x080063a0       0x28 C:\tien\PROJEKTY\procesory\STM\T104_V100a_GASTOP\usb_core.o
                0x080063a0                Standard_GetInterface
 .text.Standard_SetInterface
                0x080063c8       0x48 C:\tien\PROJEKTY\procesory\STM\T104_V100a_GASTOP\usb_core.o
                0x080063c8                Standard_SetInterface
 .text.Standard_GetStatus
                0x08006410       0xac C:\tien\PROJEKTY\procesory\STM\T104_V100a_GASTOP\usb_core.o
                0x08006410                Standard_GetStatus
 .text.Standard_SetEndPointFeature
                0x080064bc       0x9c C:\tien\PROJEKTY\procesory\STM\T104_V100a_GASTOP\usb_core.o
                0x080064bc                Standard_SetEndPointFeature
 .text.Standard_SetDeviceFeature
                0x08006558       0x24 C:\tien\PROJEKTY\procesory\STM\T104_V100a_GASTOP\usb_core.o
                0x08006558                Standard_SetDeviceFeature
 .text.Standard_GetDescriptorData
                0x0800657c       0x20 C:\tien\PROJEKTY\procesory\STM\T104_V100a_GASTOP\usb_core.o
                0x0800657c                Standard_GetDescriptorData
 .text.SetDeviceAddress
                0x0800659c       0x44 C:\tien\PROJEKTY\procesory\STM\T104_V100a_GASTOP\usb_core.o
                0x0800659c                SetDeviceAddress
 .text.NOP_Process
                0x080065e0        0x4 C:\tien\PROJEKTY\procesory\STM\T104_V100a_GASTOP\usb_core.o
                0x080065e0                NOP_Process
 .text.Post0_Process
                0x080065e4       0x44 C:\tien\PROJEKTY\procesory\STM\T104_V100a_GASTOP\usb_core.o
                0x080065e4                Post0_Process
 .text.Out0_Process
                0x08006628       0xd0 C:\tien\PROJEKTY\procesory\STM\T104_V100a_GASTOP\usb_core.o
                0x08006628                Out0_Process
 .text.DataStageIn
                0x080066f8       0xb0 C:\tien\PROJEKTY\procesory\STM\T104_V100a_GASTOP\usb_core.o
 .text.In0_Process
                0x080067a8       0x60 C:\tien\PROJEKTY\procesory\STM\T104_V100a_GASTOP\usb_core.o
                0x080067a8                In0_Process
 .text.Standard_ClearFeature
                0x08006808       0xec C:\tien\PROJEKTY\procesory\STM\T104_V100a_GASTOP\usb_core.o
                0x08006808                Standard_ClearFeature
 .text.Setup0_Process
                0x080068f4      0x304 C:\tien\PROJEKTY\procesory\STM\T104_V100a_GASTOP\usb_core.o
                0x080068f4                Setup0_Process
 .text.USB_Init
                0x08006bf8       0x44 C:\tien\PROJEKTY\procesory\STM\T104_V100a_GASTOP\usb_init.o
                0x08006bf8                USB_Init
 .text.CTR_LP   0x08006c3c      0x17c C:\tien\PROJEKTY\procesory\STM\T104_V100a_GASTOP\usb_int.o
                0x08006c3c                CTR_LP
 .text.UserToPMABufferCopy
                0x08006db8       0x34 C:\tien\PROJEKTY\procesory\STM\T104_V100a_GASTOP\usb_mem.o
                0x08006db8                UserToPMABufferCopy
 .text.PMAToUserBufferCopy
                0x08006dec       0x24 C:\tien\PROJEKTY\procesory\STM\T104_V100a_GASTOP\usb_mem.o
                0x08006dec                PMAToUserBufferCopy
 .text.SetBTABLE
                0x08006e10       0x14 C:\tien\PROJEKTY\procesory\STM\T104_V100a_GASTOP\usb_regs.o
                0x08006e10                SetBTABLE
 .text.SetEPType
                0x08006e24       0x1c C:\tien\PROJEKTY\procesory\STM\T104_V100a_GASTOP\usb_regs.o
                0x08006e24                SetEPType
 .text.SetEPTxStatus
                0x08006e40       0x2c C:\tien\PROJEKTY\procesory\STM\T104_V100a_GASTOP\usb_regs.o
                0x08006e40                SetEPTxStatus
 .text.SetEPRxStatus
                0x08006e6c       0x2c C:\tien\PROJEKTY\procesory\STM\T104_V100a_GASTOP\usb_regs.o
                0x08006e6c                SetEPRxStatus
 .text.SetEPTxValid
                0x08006e98       0x1c C:\tien\PROJEKTY\procesory\STM\T104_V100a_GASTOP\usb_regs.o
                0x08006e98                SetEPTxValid
 .text.SetEPRxValid
                0x08006eb4       0x1c C:\tien\PROJEKTY\procesory\STM\T104_V100a_GASTOP\usb_regs.o
                0x08006eb4                SetEPRxValid
 .text.Clear_Status_Out
                0x08006ed0       0x18 C:\tien\PROJEKTY\procesory\STM\T104_V100a_GASTOP\usb_regs.o
                0x08006ed0                Clear_Status_Out
 .text.ClearDTOG_RX
                0x08006ee8       0x24 C:\tien\PROJEKTY\procesory\STM\T104_V100a_GASTOP\usb_regs.o
                0x08006ee8                ClearDTOG_RX
 .text.ClearDTOG_TX
                0x08006f0c       0x24 C:\tien\PROJEKTY\procesory\STM\T104_V100a_GASTOP\usb_regs.o
                0x08006f0c                ClearDTOG_TX
 .text.SetEPTxAddr
                0x08006f30       0x20 C:\tien\PROJEKTY\procesory\STM\T104_V100a_GASTOP\usb_regs.o
                0x08006f30                SetEPTxAddr
 .text.SetEPRxAddr
                0x08006f50       0x20 C:\tien\PROJEKTY\procesory\STM\T104_V100a_GASTOP\usb_regs.o
                0x08006f50                SetEPRxAddr
 .text.GetEPTxAddr
                0x08006f70       0x1c C:\tien\PROJEKTY\procesory\STM\T104_V100a_GASTOP\usb_regs.o
                0x08006f70                GetEPTxAddr
 .text.GetEPRxAddr
                0x08006f8c       0x1c C:\tien\PROJEKTY\procesory\STM\T104_V100a_GASTOP\usb_regs.o
                0x08006f8c                GetEPRxAddr
 .text.SetEPTxCount
                0x08006fa8       0x1c C:\tien\PROJEKTY\procesory\STM\T104_V100a_GASTOP\usb_regs.o
                0x08006fa8                SetEPTxCount
 .text.SetEPRxCount
                0x08006fc4       0x40 C:\tien\PROJEKTY\procesory\STM\T104_V100a_GASTOP\usb_regs.o
                0x08006fc4                SetEPRxCount
 .text.ByteSwap
                0x08007004        0xc C:\tien\PROJEKTY\procesory\STM\T104_V100a_GASTOP\usb_regs.o
                0x08007004                ByteSwap
 .text.USB_Istr
                0x08007010       0xf4 C:\tien\PROJEKTY\procesory\STM\T104_V100a_GASTOP\usb_istr.o
                0x08007010                USB_Istr
 .text.CustomHID_SetDeviceAddress
                0x08007104        0xc C:\tien\PROJEKTY\procesory\STM\T104_V100a_GASTOP\usb_prop.o
                0x08007104                CustomHID_SetDeviceAddress
 .text.CustomHID_Status_In
                0x08007110        0x4 C:\tien\PROJEKTY\procesory\STM\T104_V100a_GASTOP\usb_prop.o
                0x08007110                CustomHID_Status_In
 .text.CustomHID_Status_Out
                0x08007114        0x4 C:\tien\PROJEKTY\procesory\STM\T104_V100a_GASTOP\usb_prop.o
                0x08007114                CustomHID_Status_Out
 .text.CustomHID_Data_Setup
                0x08007118       0x68 C:\tien\PROJEKTY\procesory\STM\T104_V100a_GASTOP\usb_prop.o
                0x08007118                CustomHID_Data_Setup
 .text.CustomHID_Get_Interface_Setting
                0x08007180        0x8 C:\tien\PROJEKTY\procesory\STM\T104_V100a_GASTOP\usb_prop.o
                0x08007180                CustomHID_Get_Interface_Setting
 .text.CustomHID_SetProtocol
                0x08007188       0x18 C:\tien\PROJEKTY\procesory\STM\T104_V100a_GASTOP\usb_prop.o
                0x08007188                CustomHID_SetProtocol
 .text.CustomHID_NoData_Setup
                0x080071a0       0x24 C:\tien\PROJEKTY\procesory\STM\T104_V100a_GASTOP\usb_prop.o
                0x080071a0                CustomHID_NoData_Setup
 .text.CustomHID_GetProtocolValue
                0x080071c4       0x1c C:\tien\PROJEKTY\procesory\STM\T104_V100a_GASTOP\usb_prop.o
                0x080071c4                CustomHID_GetProtocolValue
 .text.CustomHID_GetHIDDescriptor
                0x080071e0       0x10 C:\tien\PROJEKTY\procesory\STM\T104_V100a_GASTOP\usb_prop.o
                0x080071e0                CustomHID_GetHIDDescriptor
 .text.CustomHID_GetReportDescriptor
                0x080071f0       0x10 C:\tien\PROJEKTY\procesory\STM\T104_V100a_GASTOP\usb_prop.o
                0x080071f0                CustomHID_GetReportDescriptor
 .text.CustomHID_GetStringDescriptor
                0x08007200       0x24 C:\tien\PROJEKTY\procesory\STM\T104_V100a_GASTOP\usb_prop.o
                0x08007200                CustomHID_GetStringDescriptor
 .text.CustomHID_GetConfigDescriptor
                0x08007224       0x10 C:\tien\PROJEKTY\procesory\STM\T104_V100a_GASTOP\usb_prop.o
                0x08007224                CustomHID_GetConfigDescriptor
 .text.CustomHID_GetDeviceDescriptor
                0x08007234       0x10 C:\tien\PROJEKTY\procesory\STM\T104_V100a_GASTOP\usb_prop.o
                0x08007234                CustomHID_GetDeviceDescriptor
 .text.CustomHID_SetConfiguration
                0x08007244       0x28 C:\tien\PROJEKTY\procesory\STM\T104_V100a_GASTOP\usb_prop.o
                0x08007244                CustomHID_SetConfiguration
 .text.CustomHID_Reset
                0x0800726c       0xb0 C:\tien\PROJEKTY\procesory\STM\T104_V100a_GASTOP\usb_prop.o
                0x0800726c                CustomHID_Reset
 .text.CustomHID_init
                0x0800731c       0x3c C:\tien\PROJEKTY\procesory\STM\T104_V100a_GASTOP\usb_prop.o
                0x0800731c                CustomHID_init
 .text.PowerOn  0x08007358       0x28 C:\tien\PROJEKTY\procesory\STM\T104_V100a_GASTOP\usb_pwr.o
                0x08007358                PowerOn
 .text.Resume_Init
                0x08007380       0x20 C:\tien\PROJEKTY\procesory\STM\T104_V100a_GASTOP\usb_pwr.o
                0x08007380                Resume_Init
 .text.Resume   0x080073a0       0x8c C:\tien\PROJEKTY\procesory\STM\T104_V100a_GASTOP\usb_pwr.o
                0x080073a0                Resume
 .text.Suspend  0x0800742c       0x24 C:\tien\PROJEKTY\procesory\STM\T104_V100a_GASTOP\usb_pwr.o
                0x0800742c                Suspend
 .text.EP1_OUT_Callback
                0x08007450      0x370 C:\tien\PROJEKTY\procesory\STM\T104_V100a_GASTOP\usb_endp.o
                0x08007450                EP1_OUT_Callback
 .text._write   0x080077c0       0x20 C:\Program Files (x86)\Raisonance\Ride\Lib\ARM\STM32x_io_putchar_thumb.a(syscalls.o)
                0x080077c0                _write
 .text.__io_init
                0x080077e0       0xac C:\Program Files (x86)\Raisonance\Ride\Lib\ARM\STM32x_io_putchar_thumb.a(STM32F10X_IO_putchar.o)
                0x080077e0                __io_init
 .text.__io_putchar
                0x0800788c       0x44 C:\Program Files (x86)\Raisonance\Ride\Lib\ARM\STM32x_io_putchar_thumb.a(STM32F10X_IO_putchar.o)
                0x0800788c                __io_putchar
 .text.DMA_DeInit
                0x080078d0      0x18c C:\Program Files (x86)\Raisonance\Ride\Lib\ARM\STM32F10x_thumb.lib(stm32f10x_dma.o)
                0x080078d0                DMA_DeInit
 .text.DMA_Init
                0x08007a5c       0x40 C:\Program Files (x86)\Raisonance\Ride\Lib\ARM\STM32F10x_thumb.lib(stm32f10x_dma.o)
                0x08007a5c                DMA_Init
 .text.DMA_Cmd  0x08007a9c       0x18 C:\Program Files (x86)\Raisonance\Ride\Lib\ARM\STM32F10x_thumb.lib(stm32f10x_dma.o)
                0x08007a9c                DMA_Cmd
 .text.DMA_GetFlagStatus
                0x08007ab4       0x28 C:\Program Files (x86)\Raisonance\Ride\Lib\ARM\STM32F10x_thumb.lib(stm32f10x_dma.o)
                0x08007ab4                DMA_GetFlagStatus
 .text.DMA_ClearFlag
                0x08007adc       0x20 C:\Program Files (x86)\Raisonance\Ride\Lib\ARM\STM32F10x_thumb.lib(stm32f10x_dma.o)
                0x08007adc                DMA_ClearFlag
 .text.GPIO_Init
                0x08007afc       0xd8 C:\Program Files (x86)\Raisonance\Ride\Lib\ARM\STM32F10x_thumb.lib(stm32f10x_gpio.o)
                0x08007afc                GPIO_Init
 .text.GPIO_ReadInputDataBit
                0x08007bd4        0xc C:\Program Files (x86)\Raisonance\Ride\Lib\ARM\STM32F10x_thumb.lib(stm32f10x_gpio.o)
                0x08007bd4                GPIO_ReadInputDataBit
 .text.GPIO_SetBits
                0x08007be0        0x4 C:\Program Files (x86)\Raisonance\Ride\Lib\ARM\STM32F10x_thumb.lib(stm32f10x_gpio.o)
                0x08007be0                GPIO_SetBits
 .text.GPIO_ResetBits
                0x08007be4        0x4 C:\Program Files (x86)\Raisonance\Ride\Lib\ARM\STM32F10x_thumb.lib(stm32f10x_gpio.o)
                0x08007be4                GPIO_ResetBits
 .text.GPIO_PinRemapConfig
                0x08007be8       0x74 C:\Program Files (x86)\Raisonance\Ride\Lib\ARM\STM32F10x_thumb.lib(stm32f10x_gpio.o)
                0x08007be8                GPIO_PinRemapConfig
 .text.IWDG_WriteAccessCmd
                0x08007c5c        0xc C:\Program Files (x86)\Raisonance\Ride\Lib\ARM\STM32F10x_thumb.lib(stm32f10x_iwdg.o)
                0x08007c5c                IWDG_WriteAccessCmd
 .text.IWDG_SetPrescaler
                0x08007c68        0xc C:\Program Files (x86)\Raisonance\Ride\Lib\ARM\STM32F10x_thumb.lib(stm32f10x_iwdg.o)
                0x08007c68                IWDG_SetPrescaler
 .text.IWDG_SetReload
                0x08007c74        0xc C:\Program Files (x86)\Raisonance\Ride\Lib\ARM\STM32F10x_thumb.lib(stm32f10x_iwdg.o)
                0x08007c74                IWDG_SetReload
 .text.IWDG_ReloadCounter
                0x08007c80       0x10 C:\Program Files (x86)\Raisonance\Ride\Lib\ARM\STM32F10x_thumb.lib(stm32f10x_iwdg.o)
                0x08007c80                IWDG_ReloadCounter
 .text.IWDG_Enable
                0x08007c90       0x10 C:\Program Files (x86)\Raisonance\Ride\Lib\ARM\STM32F10x_thumb.lib(stm32f10x_iwdg.o)
                0x08007c90                IWDG_Enable
 .text.NVIC_Init
                0x08007ca0       0x8c C:\Program Files (x86)\Raisonance\Ride\Lib\ARM\STM32F10x_thumb.lib(stm32f10x_nvic.o)
                0x08007ca0                NVIC_Init
 .text.NVIC_SetVectorTable
                0x08007d2c       0x18 C:\Program Files (x86)\Raisonance\Ride\Lib\ARM\STM32F10x_thumb.lib(stm32f10x_nvic.o)
                0x08007d2c                NVIC_SetVectorTable
 .text.PWR_BackupAccessCmd
                0x08007d44        0xc C:\Program Files (x86)\Raisonance\Ride\Lib\ARM\STM32F10x_thumb.lib(stm32f10x_pwr.o)
                0x08007d44                PWR_BackupAccessCmd
 .text.RCC_DeInit
                0x08007d50       0x44 C:\Program Files (x86)\Raisonance\Ride\Lib\ARM\STM32F10x_thumb.lib(stm32f10x_rcc.o)
                0x08007d50                RCC_DeInit
 .text.RCC_HSEConfig
                0x08007d94       0x38 C:\Program Files (x86)\Raisonance\Ride\Lib\ARM\STM32F10x_thumb.lib(stm32f10x_rcc.o)
                0x08007d94                RCC_HSEConfig
 .text.RCC_WaitForHSEStartUp
                0x08007dcc       0x40 C:\Program Files (x86)\Raisonance\Ride\Lib\ARM\STM32F10x_thumb.lib(stm32f10x_rcc.o)
                0x08007dcc                RCC_WaitForHSEStartUp
 .text.RCC_PLLConfig
                0x08007e0c       0x18 C:\Program Files (x86)\Raisonance\Ride\Lib\ARM\STM32F10x_thumb.lib(stm32f10x_rcc.o)
                0x08007e0c                RCC_PLLConfig
 .text.RCC_PLLCmd
                0x08007e24        0xc C:\Program Files (x86)\Raisonance\Ride\Lib\ARM\STM32F10x_thumb.lib(stm32f10x_rcc.o)
                0x08007e24                RCC_PLLCmd
 .text.RCC_SYSCLKConfig
                0x08007e30       0x14 C:\Program Files (x86)\Raisonance\Ride\Lib\ARM\STM32F10x_thumb.lib(stm32f10x_rcc.o)
                0x08007e30                RCC_SYSCLKConfig
 .text.RCC_GetSYSCLKSource
                0x08007e44       0x10 C:\Program Files (x86)\Raisonance\Ride\Lib\ARM\STM32F10x_thumb.lib(stm32f10x_rcc.o)
                0x08007e44                RCC_GetSYSCLKSource
 .text.RCC_HCLKConfig
                0x08007e54       0x14 C:\Program Files (x86)\Raisonance\Ride\Lib\ARM\STM32F10x_thumb.lib(stm32f10x_rcc.o)
                0x08007e54                RCC_HCLKConfig
 .text.RCC_PCLK1Config
                0x08007e68       0x14 C:\Program Files (x86)\Raisonance\Ride\Lib\ARM\STM32F10x_thumb.lib(stm32f10x_rcc.o)
                0x08007e68                RCC_PCLK1Config
 .text.RCC_PCLK2Config
                0x08007e7c       0x18 C:\Program Files (x86)\Raisonance\Ride\Lib\ARM\STM32F10x_thumb.lib(stm32f10x_rcc.o)
                0x08007e7c                RCC_PCLK2Config
 .text.RCC_USBCLKConfig
                0x08007e94        0xc C:\Program Files (x86)\Raisonance\Ride\Lib\ARM\STM32F10x_thumb.lib(stm32f10x_rcc.o)
                0x08007e94                RCC_USBCLKConfig
 .text.RCC_ADCCLKConfig
                0x08007ea0       0x14 C:\Program Files (x86)\Raisonance\Ride\Lib\ARM\STM32F10x_thumb.lib(stm32f10x_rcc.o)
                0x08007ea0                RCC_ADCCLKConfig
 .text.RCC_LSEConfig
                0x08007eb4       0x20 C:\Program Files (x86)\Raisonance\Ride\Lib\ARM\STM32F10x_thumb.lib(stm32f10x_rcc.o)
                0x08007eb4                RCC_LSEConfig
 .text.RCC_RTCCLKConfig
                0x08007ed4       0x10 C:\Program Files (x86)\Raisonance\Ride\Lib\ARM\STM32F10x_thumb.lib(stm32f10x_rcc.o)
                0x08007ed4                RCC_RTCCLKConfig
 .text.RCC_RTCCLKCmd
                0x08007ee4        0xc C:\Program Files (x86)\Raisonance\Ride\Lib\ARM\STM32F10x_thumb.lib(stm32f10x_rcc.o)
                0x08007ee4                RCC_RTCCLKCmd
 .text.RCC_GetClocksFreq
                0x08007ef0       0xb0 C:\Program Files (x86)\Raisonance\Ride\Lib\ARM\STM32F10x_thumb.lib(stm32f10x_rcc.o)
                0x08007ef0                RCC_GetClocksFreq
 .text.RCC_AHBPeriphClockCmd
                0x08007fa0       0x28 C:\Program Files (x86)\Raisonance\Ride\Lib\ARM\STM32F10x_thumb.lib(stm32f10x_rcc.o)
                0x08007fa0                RCC_AHBPeriphClockCmd
 .text.RCC_APB2PeriphClockCmd
                0x08007fc8       0x28 C:\Program Files (x86)\Raisonance\Ride\Lib\ARM\STM32F10x_thumb.lib(stm32f10x_rcc.o)
                0x08007fc8                RCC_APB2PeriphClockCmd
 .text.RCC_APB1PeriphClockCmd
                0x08007ff0       0x28 C:\Program Files (x86)\Raisonance\Ride\Lib\ARM\STM32F10x_thumb.lib(stm32f10x_rcc.o)
                0x08007ff0                RCC_APB1PeriphClockCmd
 .text.RCC_GetFlagStatus
                0x08008018       0x3c C:\Program Files (x86)\Raisonance\Ride\Lib\ARM\STM32F10x_thumb.lib(stm32f10x_rcc.o)
                0x08008018                RCC_GetFlagStatus
 .text.RTC_GetCounter
                0x08008054       0x14 C:\Program Files (x86)\Raisonance\Ride\Lib\ARM\STM32F10x_thumb.lib(stm32f10x_rtc.o)
                0x08008054                RTC_GetCounter
 .text.RTC_SetCounter
                0x08008068       0x28 C:\Program Files (x86)\Raisonance\Ride\Lib\ARM\STM32F10x_thumb.lib(stm32f10x_rtc.o)
                0x08008068                RTC_SetCounter
 .text.RTC_SetPrescaler
                0x08008090       0x2c C:\Program Files (x86)\Raisonance\Ride\Lib\ARM\STM32F10x_thumb.lib(stm32f10x_rtc.o)
                0x08008090                RTC_SetPrescaler
 .text.RTC_WaitForLastTask
                0x080080bc       0x14 C:\Program Files (x86)\Raisonance\Ride\Lib\ARM\STM32F10x_thumb.lib(stm32f10x_rtc.o)
                0x080080bc                RTC_WaitForLastTask
 .text.SPI_Init
                0x080080d0       0x40 C:\Program Files (x86)\Raisonance\Ride\Lib\ARM\STM32F10x_thumb.lib(stm32f10x_spi.o)
                0x080080d0                SPI_Init
 .text.SPI_Cmd  0x08008110       0x1c C:\Program Files (x86)\Raisonance\Ride\Lib\ARM\STM32F10x_thumb.lib(stm32f10x_spi.o)
                0x08008110                SPI_Cmd
 .text.SPI_I2S_SendData
                0x0800812c        0x4 C:\Program Files (x86)\Raisonance\Ride\Lib\ARM\STM32F10x_thumb.lib(stm32f10x_spi.o)
                0x0800812c                SPI_I2S_SendData
 .text.SPI_I2S_ReceiveData
                0x08008130        0x8 C:\Program Files (x86)\Raisonance\Ride\Lib\ARM\STM32F10x_thumb.lib(stm32f10x_spi.o)
                0x08008130                SPI_I2S_ReceiveData
 .text.SPI_I2S_GetFlagStatus
                0x08008138        0xc C:\Program Files (x86)\Raisonance\Ride\Lib\ARM\STM32F10x_thumb.lib(stm32f10x_spi.o)
                0x08008138                SPI_I2S_GetFlagStatus
 .text.SysTick_CLKSourceConfig
                0x08008144       0x2c C:\Program Files (x86)\Raisonance\Ride\Lib\ARM\STM32F10x_thumb.lib(stm32f10x_systick.o)
                0x08008144                SysTick_CLKSourceConfig
 .text.SysTick_SetReload
                0x08008170        0xc C:\Program Files (x86)\Raisonance\Ride\Lib\ARM\STM32F10x_thumb.lib(stm32f10x_systick.o)
                0x08008170                SysTick_SetReload
 .text.SysTick_CounterCmd
                0x0800817c       0x3c C:\Program Files (x86)\Raisonance\Ride\Lib\ARM\STM32F10x_thumb.lib(stm32f10x_systick.o)
                0x0800817c                SysTick_CounterCmd
 .text.SysTick_ITConfig
                0x080081b8       0x28 C:\Program Files (x86)\Raisonance\Ride\Lib\ARM\STM32F10x_thumb.lib(stm32f10x_systick.o)
                0x080081b8                SysTick_ITConfig
 .text.TIM_TimeBaseInit
                0x080081e0       0x5c C:\Program Files (x86)\Raisonance\Ride\Lib\ARM\STM32F10x_thumb.lib(stm32f10x_tim.o)
                0x080081e0                TIM_TimeBaseInit
 .text.TIM_OC1Init
                0x0800823c       0xbc C:\Program Files (x86)\Raisonance\Ride\Lib\ARM\STM32F10x_thumb.lib(stm32f10x_tim.o)
                0x0800823c                TIM_OC1Init
 .text.TIM_OC2Init
                0x080082f8       0xc4 C:\Program Files (x86)\Raisonance\Ride\Lib\ARM\STM32F10x_thumb.lib(stm32f10x_tim.o)
                0x080082f8                TIM_OC2Init
 .text.TIM_OC3Init
                0x080083bc       0xc0 C:\Program Files (x86)\Raisonance\Ride\Lib\ARM\STM32F10x_thumb.lib(stm32f10x_tim.o)
                0x080083bc                TIM_OC3Init
 .text.TIM_OC4Init
                0x0800847c       0xa0 C:\Program Files (x86)\Raisonance\Ride\Lib\ARM\STM32F10x_thumb.lib(stm32f10x_tim.o)
                0x0800847c                TIM_OC4Init
 .text.TIM_Cmd  0x0800851c       0x1c C:\Program Files (x86)\Raisonance\Ride\Lib\ARM\STM32F10x_thumb.lib(stm32f10x_tim.o)
                0x0800851c                TIM_Cmd
 .text.TIM_CtrlPWMOutputs
                0x08008538       0x20 C:\Program Files (x86)\Raisonance\Ride\Lib\ARM\STM32F10x_thumb.lib(stm32f10x_tim.o)
                0x08008538                TIM_CtrlPWMOutputs
 .text.TIM_ARRPreloadConfig
                0x08008558       0x1c C:\Program Files (x86)\Raisonance\Ride\Lib\ARM\STM32F10x_thumb.lib(stm32f10x_tim.o)
                0x08008558                TIM_ARRPreloadConfig
 .text.TIM_OC1PreloadConfig
                0x08008574       0x10 C:\Program Files (x86)\Raisonance\Ride\Lib\ARM\STM32F10x_thumb.lib(stm32f10x_tim.o)
                0x08008574                TIM_OC1PreloadConfig
 .text.TIM_OC2PreloadConfig
                0x08008584       0x14 C:\Program Files (x86)\Raisonance\Ride\Lib\ARM\STM32F10x_thumb.lib(stm32f10x_tim.o)
                0x08008584                TIM_OC2PreloadConfig
 .text.TIM_OC3PreloadConfig
                0x08008598       0x10 C:\Program Files (x86)\Raisonance\Ride\Lib\ARM\STM32F10x_thumb.lib(stm32f10x_tim.o)
                0x08008598                TIM_OC3PreloadConfig
 .text.TIM_OC4PreloadConfig
                0x080085a8       0x14 C:\Program Files (x86)\Raisonance\Ride\Lib\ARM\STM32F10x_thumb.lib(stm32f10x_tim.o)
                0x080085a8                TIM_OC4PreloadConfig
 .text.TIM_SetCompare1
                0x080085bc        0x4 C:\Program Files (x86)\Raisonance\Ride\Lib\ARM\STM32F10x_thumb.lib(stm32f10x_tim.o)
                0x080085bc                TIM_SetCompare1
 .text.TIM_SetCompare2
                0x080085c0        0x4 C:\Program Files (x86)\Raisonance\Ride\Lib\ARM\STM32F10x_thumb.lib(stm32f10x_tim.o)
                0x080085c0                TIM_SetCompare2
 .text.TIM_SetCompare3
                0x080085c4        0x4 C:\Program Files (x86)\Raisonance\Ride\Lib\ARM\STM32F10x_thumb.lib(stm32f10x_tim.o)
                0x080085c4                TIM_SetCompare3
 .text.TIM_SetCompare4
                0x080085c8        0x8 C:\Program Files (x86)\Raisonance\Ride\Lib\ARM\STM32F10x_thumb.lib(stm32f10x_tim.o)
                0x080085c8                TIM_SetCompare4
 .text.USART_Cmd
                0x080085d0       0x1c C:\Program Files (x86)\Raisonance\Ride\Lib\ARM\STM32F10x_thumb.lib(stm32f10x_usart.o)
                0x080085d0                USART_Cmd
 .text.USART_SendData
                0x080085ec        0x8 C:\Program Files (x86)\Raisonance\Ride\Lib\ARM\STM32F10x_thumb.lib(stm32f10x_usart.o)
                0x080085ec                USART_SendData
 .text.USART_GetFlagStatus
                0x080085f4        0xc C:\Program Files (x86)\Raisonance\Ride\Lib\ARM\STM32F10x_thumb.lib(stm32f10x_usart.o)
                0x080085f4                USART_GetFlagStatus
 .text.USART_Init
                0x08008600       0xa4 C:\Program Files (x86)\Raisonance\Ride\Lib\ARM\STM32F10x_thumb.lib(stm32f10x_usart.o)
                0x08008600                USART_Init
 .text.ADC_Init
                0x080086a4       0x4c C:\Program Files (x86)\Raisonance\Ride\Lib\ARM\STM32F10x_thumb.lib(stm32f10x_adc.o)
                0x080086a4                ADC_Init
 .text.ADC_Cmd  0x080086f0       0x18 C:\Program Files (x86)\Raisonance\Ride\Lib\ARM\STM32F10x_thumb.lib(stm32f10x_adc.o)
                0x080086f0                ADC_Cmd
 .text.ADC_DMACmd
                0x08008708       0x18 C:\Program Files (x86)\Raisonance\Ride\Lib\ARM\STM32F10x_thumb.lib(stm32f10x_adc.o)
                0x08008708                ADC_DMACmd
 .text.ADC_ResetCalibration
                0x08008720        0xc C:\Program Files (x86)\Raisonance\Ride\Lib\ARM\STM32F10x_thumb.lib(stm32f10x_adc.o)
                0x08008720                ADC_ResetCalibration
 .text.ADC_GetResetCalibrationStatus
                0x0800872c        0xc C:\Program Files (x86)\Raisonance\Ride\Lib\ARM\STM32F10x_thumb.lib(stm32f10x_adc.o)
                0x0800872c                ADC_GetResetCalibrationStatus
 .text.ADC_StartCalibration
                0x08008738        0xc C:\Program Files (x86)\Raisonance\Ride\Lib\ARM\STM32F10x_thumb.lib(stm32f10x_adc.o)
                0x08008738                ADC_StartCalibration
 .text.ADC_GetCalibrationStatus
                0x08008744        0xc C:\Program Files (x86)\Raisonance\Ride\Lib\ARM\STM32F10x_thumb.lib(stm32f10x_adc.o)
                0x08008744                ADC_GetCalibrationStatus
 .text.ADC_SoftwareStartConvCmd
                0x08008750       0x18 C:\Program Files (x86)\Raisonance\Ride\Lib\ARM\STM32F10x_thumb.lib(stm32f10x_adc.o)
                0x08008750                ADC_SoftwareStartConvCmd
 .text.ADC_RegularChannelConfig
                0x08008768       0xa4 C:\Program Files (x86)\Raisonance\Ride\Lib\ARM\STM32F10x_thumb.lib(stm32f10x_adc.o)
                0x08008768                ADC_RegularChannelConfig
 .text.ADC_TempSensorVrefintCmd
                0x0800880c       0x28 C:\Program Files (x86)\Raisonance\Ride\Lib\ARM\STM32F10x_thumb.lib(stm32f10x_adc.o)
                0x0800880c                ADC_TempSensorVrefintCmd
 .text.BKP_WriteBackupRegister
                0x08008834        0xc C:\Program Files (x86)\Raisonance\Ride\Lib\ARM\STM32F10x_thumb.lib(stm32f10x_bkp.o)
                0x08008834                BKP_WriteBackupRegister
 .text.BKP_ReadBackupRegister
                0x08008840       0x10 C:\Program Files (x86)\Raisonance\Ride\Lib\ARM\STM32F10x_thumb.lib(stm32f10x_bkp.o)
                0x08008840                BKP_ReadBackupRegister
 *(.rodata)
 .rodata        0x08008850       0xf5 C:\tien\PROJEKTY\procesory\STM\T104_V100a_GASTOP\control.o
                0x0800891b                Outputs_Arm_Stop_Fwd
                0x08008929                Outputs_Ind_Off
                0x080088b2                Outputs_Hand_Posit
                0x08008914                Outputs_Alert_Bck
                0x080088a4                Outputs_Sig_Fwd_NB
                0x080088f8                Outputs_Stop_Fwd
                0x08008922                Outputs_Arm_Stop_Bck
                0x080088c7                Outputs_Self_Test
                0x08008906                Outputs_Alert
                0x08008850                Outputs_Off
                0x080088dc                Outputs_Wait_Fwd_Pos
                0x08008881                Outputs_On_Fwd
                0x080088c0                Outputs_Test_Fwd
                0x08008888                Outputs_Wait_Bckwds
                0x08008937                Outputs_Ind_Fwd
                0x0800885e                Outputs_No_Brake_Fwd
                0x080088f1                Outputs_On_Bck_Pos
                0x08008873                Outputs_Bolts_On
                0x0800887a                Outputs_Wait_Fwd
                0x080088ab                Outputs_Sig_Bck_NB
                0x08008896                Outputs_Signal_Fwd
                0x080088d5                Outputs_Wait_Test_Bck
                0x08008930                Outputs_Ind_Off_Bck
                0x0800893e                Outputs_Ind_Bck
                0x0800888f                Outputs_On_Bckwds
                0x080088ea                Outputs_On_Fwd_Pos
                0x0800886c                Outputs_No_Brake
                0x080088e3                Outputs_Wait_Bck_Pos
                0x0800890d                Outputs_Alert_Fwd
                0x080088ff                Outputs_Stop_Bckwds
                0x0800889d                Outputs_Signal_Bck
                0x08008857                Outputs_Off_Pwm
                0x080088b9                Outputs_Test_Bckwds
                0x080088ce                Outputs_Wait_Test_Fwd
                0x08008865                Outputs_No_Brake_Bck
 .rodata        0x08008945        0xc C:\tien\PROJEKTY\procesory\STM\T104_V100a_GASTOP\RTC.o
 .rodata        0x08008951        0x4 C:\tien\PROJEKTY\procesory\STM\T104_V100a_GASTOP\lcd.o
                0x08008951                Lcd_Address_Base
 *fill*         0x08008955        0x3 00
 .rodata        0x08008958     0x227c C:\tien\PROJEKTY\procesory\STM\T104_V100a_GASTOP\gui.o
                0x08009848                String_Parameters22
                0x08008c14                Ranges_Minute
                0x0800a628                Var_Ust_Serwisowe19
                0x0800a97c                String_Lights3
                0x0800a688                Screen_Ust_Serwis4
                0x08009d04                String_Fun13
                0x0800a0ac                Screen_RTC
                0x080099f8                Screen_Param_Ster2
                0x080099d4                String_Settings9
                0x0800a3ac                String_Ust_Serwisowe1
                0x08009944                String_Settings1
                0x08009b9c                String_Fun9
                0x0800a1cc                String_Ster_Blok3
                0x0800a4d8                Var_Ust_Serwisowe17
                0x080094e8                String_Test1
                0x0800a070                Screen_Lock
                0x0800901c                Free_Exit_Param
                0x08008c7c                Ranges_czas_otw
                0x08009dd0                Var_Fun20
                0x08009554                Screen_Haslo
                0x08008ce4                Ranges_Back_Sig_Type
                0x08008d38                Clock_Minute
                0x0800a5c8                Var_Ust_Serwisowe23
                0x08009180                Var_Enable4
                0x0800a6d0                Var_Odczyt_Serwis10
                0x08009a10                Var_Settings9
                0x08008c1c                Ranges_Hour
                0x0800a730                Var_Odczyt_Serwis6
                0x0800a88c                String_Heat_Cool5
                0x08008eb4                Czas_syg_zwr_param
                0x08009cc8                String_Fun18
                0x08009890                Var_Settings5
                0x08009e00                Var_Fun18
                0x0800a9d0                String_Ind_Test6
                0x0800a6a0                Var_Odczyt_Serwis12
                0x0800a5e0                Var_Ust_Serwisowe22
                0x08009908                String_Settings6
                0x08008cdc                Ranges_SNBW
                0x0800a568                String_Ust_Serwisowe16
                0x0800948c                Var_Lic2
                0x080095fc                String_Parameters5
                0x08009474                Var_Lic3
                0x0800a274                String_Fabryczne2
                0x0800962c                String_Parameters1
                0x08008c6c                Ranges_Sap
                0x0800a9a0                Screen_Lights1
                0x08009b78                String_Fun12
                0x08009198                Var_Enable3
                0x0800a490                String_Ust_Serwisowe8
                0x08009f08                Screen_Functions5
                0x08009614                String_Parameters3
                0x08009c98                Var_Fun9
                0x080098c0                Var_Settings3
                0x0800a550                String_Ust_Serwisowe18
                0x08009efc                String_Fun25
                0x08009ef0                String_Fun26
                0x08009c20                Var_Fun14
                0x0800a928                Var_Lights3
                0x08008d74                Clock_Month
                0x0800a958                Var_Lights1
                0x0800ab5c                Var_Info2
                0x08009a88                Var_Fun3
                0x08008d9c                Clock_DOW
                0x08009950                Screen_Param_Ster1
                0x08009c50                Var_Fun12
                0x08009008                Param_Serial
                0x08009650                Var_Parameters9
                0x0800aa18                Screen_Ind_Test
                0x08009d28                Var_Fun27
                0x0800a664                String_Ust_Serwisowe21
                0x08008fa4                Back_Signal_Type_Param
                0x0800a2a4                String_Zerowanie3
                0x08009cb0                Var_Fun8
                0x0800a2f8                Var_Ust_Serwisowe5
                0x0800a8b0                String_Heat_Cool2
                0x08009fec                Var_Lock3
                0x0800abb0                String_Info1
                0x08008e8c                Kolowrot_param
                0x08009da0                Var_Fun22
                0x080090c0                Var_Standby1
                0x08008d88                Clock_Year
                0x080095d8                Var_Parameters1
                0x08008bc8                Ranges_Rtc
                0x0800aa90                String_WeWy5
                0x08009a34                String_Settings15
                0x08008c3c                Ranges_DOW
                0x0800a8c8                Screen_Heat_Cool1
                0x08009450                String_Lic3
                0x0800a28c                Screen_Fabryczne
                0x08009234                String_Enable2
                0x0800aa30                Var_WeWy2
                0x08009800                Var_Parameters14
                0x08008fb8                Sap_Type_Param
                0x08009204                String_Enable6
                0x08008e50                Param_Enk
                0x08009770                Var_Parameters10
                0x08009758                Var_Parameters11
                0x080090a8                Var_Standby2
                0x08009120                Var_Enable8
                0x08009f8c                String_Passwd4
                0x08008ec8                Param_RTC
                0x08008b98                Languages
                0x08008c4c                Ranges_Prob
                0x08009fb0                String_Passwd1
                0x08009078                String_Standby2
                0x0800a82c                Var_Heat_Cool4
                0x08008d04                Ranges_TestWeWy
                0x0800a238                String_Odblokuj2
                0x08009420                String_Lic7
                0x08009444                String_Lic4
                0x0800a574                String_Ust_Serwisowe15
                0x08009fd4                Var_Lock4
                0x08008d14                Ranges_Normal_Exit
                0x0800ab74                Var_Info1
                0x08009168                Var_Enable5
                0x080097ac                String_Parameters15
                0x080096ec                String_Parameters11
                0x08009e60                Screen_Functions4
                0x0800a1d8                String_Ster_Blok2
                0x080095f0                String_Parameters6
                0x08008e14                Counters
                0x0800a700                Var_Odczyt_Serwis8
                0x08009668                Var_Parameters8
                0x08009c08                Var_Fun15
                0x0800aa78                String_WeWy7
                0x08009bb4                String_Fun7
                0x08008cec                Ranges_Sap_Type
                0x080093fc                String_Date1
                0x0800a790                Var_Odczyt_Serwis2
                0x0800a0dc                Var_Test_Prog1
                0x08009524                Var_Password1
                0x0800a994                String_Lights1
                0x0800a778                Var_Odczyt_Serwis3
                0x08008f7c                Priorytet_Param
                0x0800a9e8                String_Ind_Test4
                0x0800a49c                String_Ust_Serwisowe7
                0x0800a5f8                Var_Ust_Serwisowe21
                0x0800a508                Var_Ust_Serwisowe15
                0x08009a28                String_Settings16
                0x0800a124                String_Test_Prog2
                0x0800a184                String_Test_Enk1
                0x08008e3c                Param_2h
                0x080091b0                Var_Enable2
                0x080096c8                Var_Parameters4
                0x08008c64                Ranges_Tak_Nie
                0x08009638                Screen_Param_Mech1
                0x08009af4                String_Fun3
                0x08009b18                Screen_Functions1
                0x08009210                String_Enable5
                0x08009830                String_Parameters24
                0x0800a4a8                Screen_Ust_Serwis2
                0x08009ae8                String_Fun4
                0x0800a064                String_Lock1
                0x08009584                String_Language1
                0x0800a3a0                String_Ust_Serwisowe2
                0x0800aac0                String_WeWy1
                0x080097b8                String_Parameters14
                0x0800a7fc                Var_Heat_Cool6
                0x08008cd4                Ranges_Heat_Max
                0x08008c34                Ranges_Year
                0x08009704                String_Parameters9
                0x08009ea8                Var_Fun28
                0x08009044                Param_Angle
                0x08009ce0                String_Fun16
                0x0800a6e8                Var_Odczyt_Serwis9
                0x08009ab8                Var_Fun1
                0x08009548                String_Password1
                0x08008f90                Sensor_Param
                0x08009914                String_Settings5
                0x0800992c                String_Settings3
                0x0800a118                String_Test_Prog3
                0x08009f50                Var_Passwd2
                0x080099b0                String_Settings12
                0x08009ec0                String_Fun30
                0x0800a340                Var_Ust_Serwisowe2
                0x08009e78                Var_Fun30
                0x0800ab2c                Var_Info4
                0x080098a8                Var_Settings4
                0x0800aaa8                String_WeWy3
                0x08008ca4                Ranges_Serwis
                0x0800a7d8                String_Odczyt_Serwis1
                0x0800a46c                String_Ust_Serwisowe11
                0x08009b48                Var_Fun6
                0x0800a0a0                String_RTC1
                0x08009378                Var_Date4
                0x08009f68                Var_Passwd1
                0x0800945c                String_Lic2
                0x0800a598                Screen_Ust_Serwis3
                0x08009cd4                String_Fun17
                0x08009fa4                String_Passwd2
                0x08008f40                Param_Heat_Max
                0x0800a430                Var_Ust_Serwisowe8
                0x0800a8a4                String_Heat_Cool3
                0x08008cf4                Ranges_Sensor
                0x080098d8                Var_Settings2
                0x080095a8                Var_Parameters3
                0x0800a9f4                String_Ind_Test3
                0x0800a55c                String_Ust_Serwisowe17
                0x08009b84                String_Fun11
                0x08008c44                Ranges_Pass
                0x0800a220                Var_Odblokuj1
                0x08008ccc                Ranges_Heat_Min
                0x0800a040                String_Lock4
                0x08009680                Var_Parameters7
                0x080096e0                String_Parameters12
                0x08009e3c                String_Fun21
                0x080099bc                String_Settings11
                0x0800a130                String_Test_Prog1
                0x080091ec                String_Enable8
                0x080093c0                Var_Date1
                0x08008f68                SNBW_Param
                0x0800a7cc                String_Odczyt_Serwis2
                0x0800983c                String_Parameters23
                0x08009e18                String_Fun24
                0x08008bb8                Ranges_Lx
                0x0800a8f8                Var_Lights5
                0x0800a328                Var_Ust_Serwisowe3
                0x08009a70                Var_Fun4
                0x0800a004                Var_Lock2
                0x080092e8                String_Set1
                0x08009608                String_Parameters4
                0x080090d8                Screen_Standby
                0x08008f2c                Param_Heat_Min
                0x0800a034                String_Lock5
                0x080090f0                Var_Enable10
                0x08008cc4                Ranges_Vent_Max
                0x08008cbc                Ranges_Vent_Min
                0x08009590                Screen_Language
                0x0800a1f0                Screen_Ster_Blok
                0x08008d1c                Ranges_Trans
                0x0800a640                String_Ust_Serwisowe24
                0x08009e90                Var_Fun29
                0x08008b78                Controlling_Default
                0x0800a898                String_Heat_Cool4
                0x0800aba4                String_Info2
                0x08009d70                Var_Fun24
                0x08009264                String_Menu1
                0x080097c4                String_Parameters13
                0x08008e28                Param_Prob
                0x08008cb4                Ranges_TempC
                0x08008dc4                Lang_Param
                0x0800a460                String_Ust_Serwisowe12
                0x0800a190                Screen_Ust_Enk
                0x0800aae4                Var_Info7
                0x08008cfc                Ranges_Transition
                0x0800a874                Var_Heat_Cool1
                0x0800a7c0                String_Odczyt_Serwis3
                0x08009b30                Var_Fun7
                0x08009968                Var_Settings8
                0x080094bc                Screen_Lic
                0x08009740                Var_Parameters12
                0x0800950c                Var_Password2
                0x08009c80                Var_Fun10
                0x0800a2e0                Var_Ust_Serwisowe6
                0x0800a64c                String_Ust_Serwisowe23
                0x08008fcc                Param_Sensor
                0x08009228                String_Enable3
                0x08008e78                Wowy_param
                0x0800a088                Var_RTC1
                0x08009030                Normal_Exit_Param
                0x0800a5b0                Var_Ust_Serwisowe24
                0x08008f54                Param_TempC
                0x08008bf8                Var_rtc
                0x08009878                Screen_Param_Mech4
                0x08009818                Var_Parameters13
                0x08009d10                Screen_Functions3
                0x0800a7e4                Screen_Odczyt_Serwis1
                0x0800924c                Screen_Enable
                0x08009698                Var_Parameters6
                0x08009f38                Var_Passwd3
                0x08009c68                Var_Fun11
                0x08009348                Var_Date6
                0x0800a910                Var_Lights4
                0x08009138                Var_Enable7
                0x0800a388                String_Ust_Serwisowe4